Archive member included to satisfy reference by file (symbol)

/home/neelakanta/gcc-arm-none-eabi-10.3-2021.10/bin/../lib/gcc/arm-none-eabi/10.3.1/../../../../arm-none-eabi/lib/thumb/v7e-m/nofp/libc_nano.a(lib_a-errno.o)
                              syscalls.o (__errno)
/home/neelakanta/gcc-arm-none-eabi-10.3-2021.10/bin/../lib/gcc/arm-none-eabi/10.3.1/../../../../arm-none-eabi/lib/thumb/v7e-m/nofp/libc_nano.a(lib_a-exit.o)
                              /home/neelakanta/gcc-arm-none-eabi-10.3-2021.10/bin/../lib/gcc/arm-none-eabi/10.3.1/../../../../arm-none-eabi/lib/thumb/v7e-m/nofp/crt0.o (exit)
/home/neelakanta/gcc-arm-none-eabi-10.3-2021.10/bin/../lib/gcc/arm-none-eabi/10.3.1/../../../../arm-none-eabi/lib/thumb/v7e-m/nofp/libc_nano.a(lib_a-impure.o)
                              /home/neelakanta/gcc-arm-none-eabi-10.3-2021.10/bin/../lib/gcc/arm-none-eabi/10.3.1/../../../../arm-none-eabi/lib/thumb/v7e-m/nofp/libc_nano.a(lib_a-exit.o) (_global_impure_ptr)
/home/neelakanta/gcc-arm-none-eabi-10.3-2021.10/bin/../lib/gcc/arm-none-eabi/10.3.1/../../../../arm-none-eabi/lib/thumb/v7e-m/nofp/libc_nano.a(lib_a-init.o)
                              /home/neelakanta/gcc-arm-none-eabi-10.3-2021.10/bin/../lib/gcc/arm-none-eabi/10.3.1/../../../../arm-none-eabi/lib/thumb/v7e-m/nofp/crt0.o (__libc_init_array)
/home/neelakanta/gcc-arm-none-eabi-10.3-2021.10/bin/../lib/gcc/arm-none-eabi/10.3.1/../../../../arm-none-eabi/lib/thumb/v7e-m/nofp/libc_nano.a(lib_a-memset.o)
                              /home/neelakanta/gcc-arm-none-eabi-10.3-2021.10/bin/../lib/gcc/arm-none-eabi/10.3.1/../../../../arm-none-eabi/lib/thumb/v7e-m/nofp/crt0.o (memset)

Memory Configuration

Name             Origin             Length             Attributes
FLASH            0x0000000008000000 0x0000000000100000 xr
SRAM             0x0000000020000000 0x0000000000020000 xrw
*default*        0x0000000000000000 0xffffffffffffffff

Linker script and memory map

LOAD /home/neelakanta/gcc-arm-none-eabi-10.3-2021.10/bin/../lib/gcc/arm-none-eabi/10.3.1/thumb/v7e-m/nofp/crti.o
LOAD /home/neelakanta/gcc-arm-none-eabi-10.3-2021.10/bin/../lib/gcc/arm-none-eabi/10.3.1/thumb/v7e-m/nofp/crtbegin.o
LOAD /home/neelakanta/gcc-arm-none-eabi-10.3-2021.10/bin/../lib/gcc/arm-none-eabi/10.3.1/../../../../arm-none-eabi/lib/thumb/v7e-m/nofp/crt0.o
LOAD main.o
LOAD led.o
LOAD stm32f407_startup.o
LOAD syscalls.o
START GROUP
LOAD /home/neelakanta/gcc-arm-none-eabi-10.3-2021.10/bin/../lib/gcc/arm-none-eabi/10.3.1/thumb/v7e-m/nofp/libgcc.a
LOAD /home/neelakanta/gcc-arm-none-eabi-10.3-2021.10/bin/../lib/gcc/arm-none-eabi/10.3.1/../../../../arm-none-eabi/lib/thumb/v7e-m/nofp/libc_nano.a
END GROUP
START GROUP
LOAD /home/neelakanta/gcc-arm-none-eabi-10.3-2021.10/bin/../lib/gcc/arm-none-eabi/10.3.1/thumb/v7e-m/nofp/libgcc.a
LOAD /home/neelakanta/gcc-arm-none-eabi-10.3-2021.10/bin/../lib/gcc/arm-none-eabi/10.3.1/../../../../arm-none-eabi/lib/thumb/v7e-m/nofp/libc_nano.a
END GROUP
LOAD /home/neelakanta/gcc-arm-none-eabi-10.3-2021.10/bin/../lib/gcc/arm-none-eabi/10.3.1/thumb/v7e-m/nofp/crtend.o
LOAD /home/neelakanta/gcc-arm-none-eabi-10.3-2021.10/bin/../lib/gcc/arm-none-eabi/10.3.1/thumb/v7e-m/nofp/crtn.o

.text           0x0000000008000000      0xbe0
 *(.isr_vector)
 .isr_vector    0x0000000008000000      0x188 stm32f407_startup.o
                0x0000000008000000                vectors
 *(.text)
 .text          0x0000000008000188        0x0 /home/neelakanta/gcc-arm-none-eabi-10.3-2021.10/bin/../lib/gcc/arm-none-eabi/10.3.1/thumb/v7e-m/nofp/crti.o
 .text          0x0000000008000188       0x40 /home/neelakanta/gcc-arm-none-eabi-10.3-2021.10/bin/../lib/gcc/arm-none-eabi/10.3.1/thumb/v7e-m/nofp/crtbegin.o
 .text          0x00000000080001c8       0x7c /home/neelakanta/gcc-arm-none-eabi-10.3-2021.10/bin/../lib/gcc/arm-none-eabi/10.3.1/../../../../arm-none-eabi/lib/thumb/v7e-m/nofp/crt0.o
                0x00000000080001c8                _stack_init
                0x00000000080001d0                _mainCRTStartup
                0x00000000080001d0                _start
 .text          0x0000000008000244      0x4c0 main.o
                0x0000000008000244                main
                0x0000000008000270                switch_sp_to_psp
                0x000000000800028a                get_psp_value
                0x00000000080002ac                save_psp_value
                0x00000000080002d4                idle_handler
                0x00000000080002da                t1_handler
                0x00000000080002fc                t2_handler
                0x0000000008000320                t3_handler
                0x0000000008000344                t4_handler
                0x0000000008000368                init_tasks_stack
                0x000000000800047c                init_systick_timer
                0x00000000080004ec                init_scheduler_stack
                0x00000000080004f6                enable_fault_handlers
                0x000000000800051c                HardFault_Handler
                0x0000000008000522                MemManage_Handler
                0x0000000008000528                BusFault_Handler
                0x000000000800052e                update_next_task
                0x00000000080005b4                PendSV_Handler
                0x00000000080005da                update_global_tick_cnt
                0x00000000080005f4                unblock_tasks
                0x0000000008000654                SysTick_Handler
                0x0000000008000680                schedule
                0x00000000080006a4                task_delay
 .text          0x0000000008000704       0xfc led.o
                0x0000000008000704                delay
                0x000000000800072c                led_init_all
                0x00000000080007a0                led_on
                0x00000000080007d0                led_off
 .text          0x0000000008000800       0x90 stm32f407_startup.o
                0x0000000008000800                RTC_Alarm_IRQHandler
                0x0000000008000800                HASH_RNG_IRQHandler
                0x0000000008000800                EXTI2_IRQHandler
                0x0000000008000800                TIM8_CC_IRQHandler
                0x0000000008000800                DebugMon_Handler
                0x0000000008000800                TIM1_CC_IRQHandler
                0x0000000008000800                DMA2_Stream5_IRQHandler
                0x0000000008000800                DMA1_Stream5_IRQHandler
                0x0000000008000800                PVD_IRQHandler
                0x0000000008000800                SDIO_IRQHandler
                0x0000000008000800                TAMP_STAMP_IRQHandler
                0x0000000008000800                NMI_Handler
                0x0000000008000800                CAN2_RX1_IRQHandler
                0x0000000008000800                EXTI3_IRQHandler
                0x0000000008000800                TIM8_TRG_COM_TIM14_IRQHandler
                0x0000000008000800                TIM1_UP_TIM10_IRQHandler
                0x0000000008000800                TIM8_UP_TIM13_IRQHandler
                0x0000000008000800                I2C3_ER_IRQHandler
                0x0000000008000800                EXTI0_IRQHandler
                0x0000000008000800                I2C2_EV_IRQHandler
                0x0000000008000800                DMA1_Stream2_IRQHandler
                0x0000000008000800                CAN1_RX0_IRQHandler
                0x0000000008000800                FPU_IRQHandler
                0x0000000008000800                OTG_HS_WKUP_IRQHandler
                0x0000000008000800                UsageFault_Handler
                0x0000000008000800                CAN2_SCE_IRQHandler
                0x0000000008000800                DMA2_Stream2_IRQHandler
                0x0000000008000800                SPI1_IRQHandler
                0x0000000008000800                TIM6_DAC_IRQHandler
                0x0000000008000800                TIM1_BRK_TIM9_IRQHandler
                0x0000000008000800                DCMI_IRQHandler
                0x0000000008000800                CAN2_RX0_IRQHandler
                0x0000000008000800                DMA2_Stream3_IRQHandler
                0x0000000008000800                USART6_IRQHandler
                0x0000000008000800                USART3_IRQHandler
                0x0000000008000800                CRYP_IRQHandler
                0x0000000008000800                CAN1_RX1_IRQHandler
                0x0000000008000800                UART5_IRQHandler
                0x0000000008000800                DMA2_Stream0_IRQHandler
                0x0000000008000800                TIM4_IRQHandler
                0x0000000008000800                I2C1_EV_IRQHandler
                0x0000000008000800                DMA1_Stream6_IRQHandler
                0x0000000008000800                DMA1_Stream1_IRQHandler
                0x0000000008000800                UART4_IRQHandler
                0x0000000008000800                TIM3_IRQHandler
                0x0000000008000800                RCC_IRQHandler
                0x0000000008000800                TIM8_BRK_TIM12_IRQHandler
                0x0000000008000800                Default_Handler
                0x0000000008000800                EXTI15_10_IRQHandler
                0x0000000008000800                ADC_IRQHandler
                0x0000000008000800                DMA1_Stream7_IRQHandler
                0x0000000008000800                TIM7_IRQHandler
                0x0000000008000800                CAN2_TX_IRQHandler
                0x0000000008000800                TIM5_IRQHandler
                0x0000000008000800                DMA2_Stream7_IRQHandler
                0x0000000008000800                I2C3_EV_IRQHandler
                0x0000000008000800                EXTI9_5_IRQHandler
                0x0000000008000800                RTC_WKUP_IRQHandler
                0x0000000008000800                ETH_WKUP_IRQHandler
                0x0000000008000800                SPI2_IRQHandler
                0x0000000008000800                OTG_HS_EP1_IN_IRQHandler
                0x0000000008000800                DMA1_Stream0_IRQHandler
                0x0000000008000800                CAN1_TX_IRQHandler
                0x0000000008000800                SVC_Handler
                0x0000000008000800                EXTI4_IRQHandler
                0x0000000008000800                FSMC_IRQHandler
                0x0000000008000800                ETH_IRQHandler
                0x0000000008000800                OTG_HS_EP1_OUT_IRQHandler
                0x0000000008000800                WWDG_IRQHandler
                0x0000000008000800                TIM2_IRQHandler
                0x0000000008000800                OTG_FS_WKUP_IRQHandler
                0x0000000008000800                TIM1_TRG_COM_TIM11_IRQHandler
                0x0000000008000800                OTG_HS_IRQHandler
                0x0000000008000800                EXTI1_IRQHandler
                0x0000000008000800                USART2_IRQHandler
                0x0000000008000800                I2C2_ER_IRQHandler
                0x0000000008000800                DMA2_Stream1_IRQHandler
                0x0000000008000800                CAN1_SCE_IRQHandler
                0x0000000008000800                DMA2_Stream4_IRQHandler
                0x0000000008000800                USART1_IRQHandler
                0x0000000008000800                OTG_FS_IRQHandler
                0x0000000008000800                SPI3_IRQHandler
                0x0000000008000800                DMA1_Stream4_IRQHandler
                0x0000000008000800                I2C1_ER_IRQHandler
                0x0000000008000800                DMA2_Stream6_IRQHandler
                0x0000000008000800                DMA1_Stream3_IRQHandler
                0x0000000008000806                Reset_Handler
 .text          0x0000000008000890      0x25c syscalls.o
                0x0000000008000890                initialise_monitor_handles
                0x000000000800089c                _getpid
                0x00000000080008aa                _kill
                0x00000000080008ca                _exit
                0x00000000080008de                _read
                0x0000000008000918                _write
                0x0000000008000950                _close
                0x0000000008000966                _fstat
                0x0000000008000984                _isatty
                0x0000000008000998                _lseek
                0x00000000080009b0                _open
                0x00000000080009ca                _wait
                0x00000000080009e8                _unlink
                0x0000000008000a06                _times
                0x0000000008000a1c                _stat
                0x0000000008000a3a                _link
                0x0000000008000a5a                _fork
                0x0000000008000a70                _execve
                0x0000000008000a92                _sbrk
 .text          0x0000000008000aec        0x0 /home/neelakanta/gcc-arm-none-eabi-10.3-2021.10/bin/../lib/gcc/arm-none-eabi/10.3.1/../../../../arm-none-eabi/lib/thumb/v7e-m/nofp/libc_nano.a(lib_a-errno.o)
 .text          0x0000000008000aec        0x0 /home/neelakanta/gcc-arm-none-eabi-10.3-2021.10/bin/../lib/gcc/arm-none-eabi/10.3.1/../../../../arm-none-eabi/lib/thumb/v7e-m/nofp/libc_nano.a(lib_a-exit.o)
 .text          0x0000000008000aec        0x0 /home/neelakanta/gcc-arm-none-eabi-10.3-2021.10/bin/../lib/gcc/arm-none-eabi/10.3.1/../../../../arm-none-eabi/lib/thumb/v7e-m/nofp/libc_nano.a(lib_a-impure.o)
 .text          0x0000000008000aec        0x0 /home/neelakanta/gcc-arm-none-eabi-10.3-2021.10/bin/../lib/gcc/arm-none-eabi/10.3.1/../../../../arm-none-eabi/lib/thumb/v7e-m/nofp/libc_nano.a(lib_a-init.o)
 .text          0x0000000008000aec        0x0 /home/neelakanta/gcc-arm-none-eabi-10.3-2021.10/bin/../lib/gcc/arm-none-eabi/10.3.1/../../../../arm-none-eabi/lib/thumb/v7e-m/nofp/libc_nano.a(lib_a-memset.o)
 .text          0x0000000008000aec        0x0 /home/neelakanta/gcc-arm-none-eabi-10.3-2021.10/bin/../lib/gcc/arm-none-eabi/10.3.1/thumb/v7e-m/nofp/crtend.o
 .text          0x0000000008000aec        0x0 /home/neelakanta/gcc-arm-none-eabi-10.3-2021.10/bin/../lib/gcc/arm-none-eabi/10.3.1/thumb/v7e-m/nofp/crtn.o
 *(.text.*)
 .text.__errno  0x0000000008000aec        0xc /home/neelakanta/gcc-arm-none-eabi-10.3-2021.10/bin/../lib/gcc/arm-none-eabi/10.3.1/../../../../arm-none-eabi/lib/thumb/v7e-m/nofp/libc_nano.a(lib_a-errno.o)
                0x0000000008000aec                __errno
 .text.exit     0x0000000008000af8       0x28 /home/neelakanta/gcc-arm-none-eabi-10.3-2021.10/bin/../lib/gcc/arm-none-eabi/10.3.1/../../../../arm-none-eabi/lib/thumb/v7e-m/nofp/libc_nano.a(lib_a-exit.o)
                0x0000000008000af8                exit
 .text.__libc_init_array
                0x0000000008000b20       0x48 /home/neelakanta/gcc-arm-none-eabi-10.3-2021.10/bin/../lib/gcc/arm-none-eabi/10.3.1/../../../../arm-none-eabi/lib/thumb/v7e-m/nofp/libc_nano.a(lib_a-init.o)
                0x0000000008000b20                __libc_init_array
 .text.memset   0x0000000008000b68       0x10 /home/neelakanta/gcc-arm-none-eabi-10.3-2021.10/bin/../lib/gcc/arm-none-eabi/10.3.1/../../../../arm-none-eabi/lib/thumb/v7e-m/nofp/libc_nano.a(lib_a-memset.o)
                0x0000000008000b68                memset
 *(.init)
 .init          0x0000000008000b78        0x4 /home/neelakanta/gcc-arm-none-eabi-10.3-2021.10/bin/../lib/gcc/arm-none-eabi/10.3.1/thumb/v7e-m/nofp/crti.o
                0x0000000008000b78                _init
 .init          0x0000000008000b7c        0x8 /home/neelakanta/gcc-arm-none-eabi-10.3-2021.10/bin/../lib/gcc/arm-none-eabi/10.3.1/thumb/v7e-m/nofp/crtn.o
 *(.fini)
 .fini          0x0000000008000b84        0x4 /home/neelakanta/gcc-arm-none-eabi-10.3-2021.10/bin/../lib/gcc/arm-none-eabi/10.3.1/thumb/v7e-m/nofp/crti.o
                0x0000000008000b84                _fini
 .fini          0x0000000008000b88        0x8 /home/neelakanta/gcc-arm-none-eabi-10.3-2021.10/bin/../lib/gcc/arm-none-eabi/10.3.1/thumb/v7e-m/nofp/crtn.o
 *(.rodata)
 .rodata        0x0000000008000b90       0x24 /home/neelakanta/gcc-arm-none-eabi-10.3-2021.10/bin/../lib/gcc/arm-none-eabi/10.3.1/thumb/v7e-m/nofp/crtbegin.o
 .rodata        0x0000000008000bb4        0x4 main.o
                0x0000000008000bb4                num
 .rodata        0x0000000008000bb8       0x24 /home/neelakanta/gcc-arm-none-eabi-10.3-2021.10/bin/../lib/gcc/arm-none-eabi/10.3.1/thumb/v7e-m/nofp/crtend.o
 *(.rodata.*)
 .rodata._global_impure_ptr
                0x0000000008000bdc        0x4 /home/neelakanta/gcc-arm-none-eabi-10.3-2021.10/bin/../lib/gcc/arm-none-eabi/10.3.1/../../../../arm-none-eabi/lib/thumb/v7e-m/nofp/libc_nano.a(lib_a-impure.o)
                0x0000000008000bdc                _global_impure_ptr
                0x0000000008000be0                . = ALIGN (0x4)
                0x0000000008000be0                _etext = .
                0x0000000008000bec                _la_data = LOADADDR (.data)

.glue_7         0x0000000008000be0        0x0
 .glue_7        0x0000000008000be0        0x0 linker stubs

.glue_7t        0x0000000008000be0        0x0
 .glue_7t       0x0000000008000be0        0x0 linker stubs

.vfp11_veneer   0x0000000008000be0        0x0
 .vfp11_veneer  0x0000000008000be0        0x0 linker stubs

.v4_bx          0x0000000008000be0        0x0
 .v4_bx         0x0000000008000be0        0x0 linker stubs

.iplt           0x0000000008000be0        0x0
 .iplt          0x0000000008000be0        0x0 /home/neelakanta/gcc-arm-none-eabi-10.3-2021.10/bin/../lib/gcc/arm-none-eabi/10.3.1/thumb/v7e-m/nofp/crtbegin.o

.eh_frame       0x0000000008000be0        0x4
 .eh_frame      0x0000000008000be0        0x0 /home/neelakanta/gcc-arm-none-eabi-10.3-2021.10/bin/../lib/gcc/arm-none-eabi/10.3.1/thumb/v7e-m/nofp/crtbegin.o
 .eh_frame      0x0000000008000be0        0x4 /home/neelakanta/gcc-arm-none-eabi-10.3-2021.10/bin/../lib/gcc/arm-none-eabi/10.3.1/thumb/v7e-m/nofp/crtend.o

.ARM.extab      0x0000000008000be4        0x0
 .ARM.extab     0x0000000008000be4        0x0 /home/neelakanta/gcc-arm-none-eabi-10.3-2021.10/bin/../lib/gcc/arm-none-eabi/10.3.1/../../../../arm-none-eabi/lib/thumb/v7e-m/nofp/crt0.o

.ARM.exidx      0x0000000008000be4        0x8
 .ARM.exidx     0x0000000008000be4        0x8 /home/neelakanta/gcc-arm-none-eabi-10.3-2021.10/bin/../lib/gcc/arm-none-eabi/10.3.1/../../../../arm-none-eabi/lib/thumb/v7e-m/nofp/crt0.o
                                         0x10 (size before relaxing)

.rel.dyn        0x0000000008000bec        0x0
 .rel.iplt      0x0000000008000bec        0x0 /home/neelakanta/gcc-arm-none-eabi-10.3-2021.10/bin/../lib/gcc/arm-none-eabi/10.3.1/thumb/v7e-m/nofp/crtbegin.o

.data           0x0000000020000000       0x70 load address 0x0000000008000bec
                0x0000000020000000                _sdata = .
 *(.data)
 .data          0x0000000020000000        0x0 /home/neelakanta/gcc-arm-none-eabi-10.3-2021.10/bin/../lib/gcc/arm-none-eabi/10.3.1/thumb/v7e-m/nofp/crti.o
 .data          0x0000000020000000        0x4 /home/neelakanta/gcc-arm-none-eabi-10.3-2021.10/bin/../lib/gcc/arm-none-eabi/10.3.1/thumb/v7e-m/nofp/crtbegin.o
                0x0000000020000000                __dso_handle
 .data          0x0000000020000004        0x0 /home/neelakanta/gcc-arm-none-eabi-10.3-2021.10/bin/../lib/gcc/arm-none-eabi/10.3.1/../../../../arm-none-eabi/lib/thumb/v7e-m/nofp/crt0.o
 .data          0x0000000020000004        0x1 main.o
                0x0000000020000004                current_task
 .data          0x0000000020000005        0x0 led.o
 .data          0x0000000020000005        0x0 stm32f407_startup.o
 *fill*         0x0000000020000005        0x3 
 .data          0x0000000020000008        0x4 syscalls.o
                0x0000000020000008                environ
 .data          0x000000002000000c        0x0 /home/neelakanta/gcc-arm-none-eabi-10.3-2021.10/bin/../lib/gcc/arm-none-eabi/10.3.1/../../../../arm-none-eabi/lib/thumb/v7e-m/nofp/libc_nano.a(lib_a-errno.o)
 .data          0x000000002000000c        0x0 /home/neelakanta/gcc-arm-none-eabi-10.3-2021.10/bin/../lib/gcc/arm-none-eabi/10.3.1/../../../../arm-none-eabi/lib/thumb/v7e-m/nofp/libc_nano.a(lib_a-exit.o)
 .data          0x000000002000000c        0x0 /home/neelakanta/gcc-arm-none-eabi-10.3-2021.10/bin/../lib/gcc/arm-none-eabi/10.3.1/../../../../arm-none-eabi/lib/thumb/v7e-m/nofp/libc_nano.a(lib_a-impure.o)
 .data          0x000000002000000c        0x0 /home/neelakanta/gcc-arm-none-eabi-10.3-2021.10/bin/../lib/gcc/arm-none-eabi/10.3.1/../../../../arm-none-eabi/lib/thumb/v7e-m/nofp/libc_nano.a(lib_a-init.o)
 .data          0x000000002000000c        0x0 /home/neelakanta/gcc-arm-none-eabi-10.3-2021.10/bin/../lib/gcc/arm-none-eabi/10.3.1/../../../../arm-none-eabi/lib/thumb/v7e-m/nofp/libc_nano.a(lib_a-memset.o)
 .data          0x000000002000000c        0x0 /home/neelakanta/gcc-arm-none-eabi-10.3-2021.10/bin/../lib/gcc/arm-none-eabi/10.3.1/thumb/v7e-m/nofp/crtend.o
 .data          0x000000002000000c        0x0 /home/neelakanta/gcc-arm-none-eabi-10.3-2021.10/bin/../lib/gcc/arm-none-eabi/10.3.1/thumb/v7e-m/nofp/crtn.o
 *(.data.*)
 .data._impure_ptr
                0x000000002000000c        0x4 /home/neelakanta/gcc-arm-none-eabi-10.3-2021.10/bin/../lib/gcc/arm-none-eabi/10.3.1/../../../../arm-none-eabi/lib/thumb/v7e-m/nofp/libc_nano.a(lib_a-impure.o)
                0x000000002000000c                _impure_ptr
 .data.impure_data
                0x0000000020000010       0x60 /home/neelakanta/gcc-arm-none-eabi-10.3-2021.10/bin/../lib/gcc/arm-none-eabi/10.3.1/../../../../arm-none-eabi/lib/thumb/v7e-m/nofp/libc_nano.a(lib_a-impure.o)
                0x0000000020000070                . = ALIGN (0x4)
                0x0000000020000070                _edata = .

.init_array     0x0000000020000070        0x4 load address 0x0000000008000c5c
 .init_array    0x0000000020000070        0x4 /home/neelakanta/gcc-arm-none-eabi-10.3-2021.10/bin/../lib/gcc/arm-none-eabi/10.3.1/thumb/v7e-m/nofp/crtbegin.o

.fini_array     0x0000000020000074        0x4 load address 0x0000000008000c60
 .fini_array    0x0000000020000074        0x4 /home/neelakanta/gcc-arm-none-eabi-10.3-2021.10/bin/../lib/gcc/arm-none-eabi/10.3.1/thumb/v7e-m/nofp/crtbegin.o

.igot.plt       0x0000000020000078        0x0 load address 0x0000000008000c64
 .igot.plt      0x0000000020000078        0x0 /home/neelakanta/gcc-arm-none-eabi-10.3-2021.10/bin/../lib/gcc/arm-none-eabi/10.3.1/thumb/v7e-m/nofp/crtbegin.o

.bss            0x0000000020000078       0x78 load address 0x0000000008000c64
                0x0000000020000078                _sbss = .
                0x0000000020000078                __bss_start__ = _sbss
 *(.bss)
 .bss           0x0000000020000078        0x0 /home/neelakanta/gcc-arm-none-eabi-10.3-2021.10/bin/../lib/gcc/arm-none-eabi/10.3.1/thumb/v7e-m/nofp/crti.o
 .bss           0x0000000020000078       0x1c /home/neelakanta/gcc-arm-none-eabi-10.3-2021.10/bin/../lib/gcc/arm-none-eabi/10.3.1/thumb/v7e-m/nofp/crtbegin.o
 .bss           0x0000000020000094        0x0 /home/neelakanta/gcc-arm-none-eabi-10.3-2021.10/bin/../lib/gcc/arm-none-eabi/10.3.1/../../../../arm-none-eabi/lib/thumb/v7e-m/nofp/crt0.o
 .bss           0x0000000020000094       0x54 main.o
                0x0000000020000094                g_tick_cnt
                0x0000000020000098                user_task
 .bss           0x00000000200000e8        0x0 led.o
 .bss           0x00000000200000e8        0x0 stm32f407_startup.o
 .bss           0x00000000200000e8        0x8 syscalls.o
                0x00000000200000e8                __env
 .bss           0x00000000200000f0        0x0 /home/neelakanta/gcc-arm-none-eabi-10.3-2021.10/bin/../lib/gcc/arm-none-eabi/10.3.1/../../../../arm-none-eabi/lib/thumb/v7e-m/nofp/libc_nano.a(lib_a-errno.o)
 .bss           0x00000000200000f0        0x0 /home/neelakanta/gcc-arm-none-eabi-10.3-2021.10/bin/../lib/gcc/arm-none-eabi/10.3.1/../../../../arm-none-eabi/lib/thumb/v7e-m/nofp/libc_nano.a(lib_a-exit.o)
 .bss           0x00000000200000f0        0x0 /home/neelakanta/gcc-arm-none-eabi-10.3-2021.10/bin/../lib/gcc/arm-none-eabi/10.3.1/../../../../arm-none-eabi/lib/thumb/v7e-m/nofp/libc_nano.a(lib_a-impure.o)
 .bss           0x00000000200000f0        0x0 /home/neelakanta/gcc-arm-none-eabi-10.3-2021.10/bin/../lib/gcc/arm-none-eabi/10.3.1/../../../../arm-none-eabi/lib/thumb/v7e-m/nofp/libc_nano.a(lib_a-init.o)
 .bss           0x00000000200000f0        0x0 /home/neelakanta/gcc-arm-none-eabi-10.3-2021.10/bin/../lib/gcc/arm-none-eabi/10.3.1/../../../../arm-none-eabi/lib/thumb/v7e-m/nofp/libc_nano.a(lib_a-memset.o)
 .bss           0x00000000200000f0        0x0 /home/neelakanta/gcc-arm-none-eabi-10.3-2021.10/bin/../lib/gcc/arm-none-eabi/10.3.1/thumb/v7e-m/nofp/crtend.o
 .bss           0x00000000200000f0        0x0 /home/neelakanta/gcc-arm-none-eabi-10.3-2021.10/bin/../lib/gcc/arm-none-eabi/10.3.1/thumb/v7e-m/nofp/crtn.o
 *(.bss.*)
 *(COMMON)
                0x00000000200000f0                . = ALIGN (0x4)
                0x00000000200000f0                _ebss = .
                0x00000000200000f0                __bss_end__ = _ebss
                0x00000000200000f0                . = ALIGN (0x4)
                0x00000000200000f0                end = .
                0x00000000200000f0                __end__ = .
OUTPUT(final.elf elf32-littlearm)
LOAD linker stubs

.ARM.attributes
                0x0000000000000000       0x2a
 .ARM.attributes
                0x0000000000000000       0x1e /home/neelakanta/gcc-arm-none-eabi-10.3-2021.10/bin/../lib/gcc/arm-none-eabi/10.3.1/thumb/v7e-m/nofp/crti.o
 .ARM.attributes
                0x000000000000001e       0x2e /home/neelakanta/gcc-arm-none-eabi-10.3-2021.10/bin/../lib/gcc/arm-none-eabi/10.3.1/thumb/v7e-m/nofp/crtbegin.o
 .ARM.attributes
                0x000000000000004c       0x1c /home/neelakanta/gcc-arm-none-eabi-10.3-2021.10/bin/../lib/gcc/arm-none-eabi/10.3.1/../../../../arm-none-eabi/lib/thumb/v7e-m/nofp/crt0.o
 .ARM.attributes
                0x0000000000000068       0x2e main.o
 .ARM.attributes
                0x0000000000000096       0x2e led.o
 .ARM.attributes
                0x00000000000000c4       0x2e stm32f407_startup.o
 .ARM.attributes
                0x00000000000000f2       0x2e syscalls.o
 .ARM.attributes
                0x0000000000000120       0x2e /home/neelakanta/gcc-arm-none-eabi-10.3-2021.10/bin/../lib/gcc/arm-none-eabi/10.3.1/../../../../arm-none-eabi/lib/thumb/v7e-m/nofp/libc_nano.a(lib_a-errno.o)
 .ARM.attributes
                0x000000000000014e       0x2e /home/neelakanta/gcc-arm-none-eabi-10.3-2021.10/bin/../lib/gcc/arm-none-eabi/10.3.1/../../../../arm-none-eabi/lib/thumb/v7e-m/nofp/libc_nano.a(lib_a-exit.o)
 .ARM.attributes
                0x000000000000017c       0x2e /home/neelakanta/gcc-arm-none-eabi-10.3-2021.10/bin/../lib/gcc/arm-none-eabi/10.3.1/../../../../arm-none-eabi/lib/thumb/v7e-m/nofp/libc_nano.a(lib_a-impure.o)
 .ARM.attributes
                0x00000000000001aa       0x2e /home/neelakanta/gcc-arm-none-eabi-10.3-2021.10/bin/../lib/gcc/arm-none-eabi/10.3.1/../../../../arm-none-eabi/lib/thumb/v7e-m/nofp/libc_nano.a(lib_a-init.o)
 .ARM.attributes
                0x00000000000001d8       0x2e /home/neelakanta/gcc-arm-none-eabi-10.3-2021.10/bin/../lib/gcc/arm-none-eabi/10.3.1/../../../../arm-none-eabi/lib/thumb/v7e-m/nofp/libc_nano.a(lib_a-memset.o)
 .ARM.attributes
                0x0000000000000206       0x2e /home/neelakanta/gcc-arm-none-eabi-10.3-2021.10/bin/../lib/gcc/arm-none-eabi/10.3.1/thumb/v7e-m/nofp/crtend.o
 .ARM.attributes
                0x0000000000000234       0x1e /home/neelakanta/gcc-arm-none-eabi-10.3-2021.10/bin/../lib/gcc/arm-none-eabi/10.3.1/thumb/v7e-m/nofp/crtn.o

.comment        0x0000000000000000       0x49
 .comment       0x0000000000000000       0x49 main.o
                                         0x4a (size before relaxing)
 .comment       0x0000000000000049       0x4a led.o
 .comment       0x0000000000000049       0x4a stm32f407_startup.o
 .comment       0x0000000000000049       0x4a syscalls.o

.debug_frame    0x0000000000000000       0x94
 .debug_frame   0x0000000000000000       0x20 /home/neelakanta/gcc-arm-none-eabi-10.3-2021.10/bin/../lib/gcc/arm-none-eabi/10.3.1/../../../../arm-none-eabi/lib/thumb/v7e-m/nofp/libc_nano.a(lib_a-errno.o)
 .debug_frame   0x0000000000000020       0x28 /home/neelakanta/gcc-arm-none-eabi-10.3-2021.10/bin/../lib/gcc/arm-none-eabi/10.3.1/../../../../arm-none-eabi/lib/thumb/v7e-m/nofp/libc_nano.a(lib_a-exit.o)
 .debug_frame   0x0000000000000048       0x2c /home/neelakanta/gcc-arm-none-eabi-10.3-2021.10/bin/../lib/gcc/arm-none-eabi/10.3.1/../../../../arm-none-eabi/lib/thumb/v7e-m/nofp/libc_nano.a(lib_a-init.o)
 .debug_frame   0x0000000000000074       0x20 /home/neelakanta/gcc-arm-none-eabi-10.3-2021.10/bin/../lib/gcc/arm-none-eabi/10.3.1/../../../../arm-none-eabi/lib/thumb/v7e-m/nofp/libc_nano.a(lib_a-memset.o)
