../Src/main.c:31:5:main	8	static
../Src/main.c:43:29:switch_sp_to_psp	0	static,ignoring_inline_asm
../Src/main.c:58:5:get_psp_value	4	static
../Src/main.c:62:6:save_psp_value	16	static
../Src/main.c:67:6:idle_handler	4	static
../Src/main.c:71:6:t1_handler	8	static
../Src/main.c:80:6:t2_handler	8	static
../Src/main.c:89:6:t3_handler	8	static
../Src/main.c:98:6:t4_handler	8	static
../Src/main.c:108:6:init_tasks_stack	24	static
../Src/main.c:150:6:init_systick_timer	32	static
../Src/main.c:166:29:init_scheduler_stack	0	static,ignoring_inline_asm
../Src/main.c:172:6:enable_fault_handlers	16	static
../Src/main.c:179:6:HardFault_Handler	4	static
../Src/main.c:185:6:MemManage_Handler	4	static
../Src/main.c:191:6:BusFault_Handler	4	static
../Src/main.c:198:6:update_next_task	16	static
../Src/main.c:217:29:PendSV_Handler	0	static,ignoring_inline_asm
../Src/main.c:256:6:update_global_tick_cnt	4	static
../Src/main.c:261:6:unblock_tasks	16	static
../Src/main.c:273:6:SysTick_Handler	16	static
../Src/main.c:283:6:schedule	16	static
../Src/main.c:290:6:task_delay	16	static,ignoring_inline_asm
