Archive member included to satisfy reference by file (symbol)

/home/neelakanta/st/stm32cubeide_1.12.0_2/plugins/com.st.stm32cube.ide.mcu.externaltools.gnu-tools-for-stm32.10.3-2021.10.linux64_1.0.200.202301161003/tools/bin/../lib/gcc/arm-none-eabi/10.3.1/../../../../arm-none-eabi/lib/thumb/v7e-m/nofp/libc_nano.a(lib_a-exit.o)
                              /home/neelakanta/st/stm32cubeide_1.12.0_2/plugins/com.st.stm32cube.ide.mcu.externaltools.gnu-tools-for-stm32.10.3-2021.10.linux64_1.0.200.202301161003/tools/bin/../lib/gcc/arm-none-eabi/10.3.1/../../../../arm-none-eabi/lib/thumb/v7e-m/nofp/crt0.o (exit)
/home/neelakanta/st/stm32cubeide_1.12.0_2/plugins/com.st.stm32cube.ide.mcu.externaltools.gnu-tools-for-stm32.10.3-2021.10.linux64_1.0.200.202301161003/tools/bin/../lib/gcc/arm-none-eabi/10.3.1/../../../../arm-none-eabi/lib/thumb/v7e-m/nofp/libc_nano.a(lib_a-impure.o)
                              /home/neelakanta/st/stm32cubeide_1.12.0_2/plugins/com.st.stm32cube.ide.mcu.externaltools.gnu-tools-for-stm32.10.3-2021.10.linux64_1.0.200.202301161003/tools/bin/../lib/gcc/arm-none-eabi/10.3.1/../../../../arm-none-eabi/lib/thumb/v7e-m/nofp/libc_nano.a(lib_a-exit.o) (_global_impure_ptr)
/home/neelakanta/st/stm32cubeide_1.12.0_2/plugins/com.st.stm32cube.ide.mcu.externaltools.gnu-tools-for-stm32.10.3-2021.10.linux64_1.0.200.202301161003/tools/bin/../lib/gcc/arm-none-eabi/10.3.1/../../../../arm-none-eabi/lib/thumb/v7e-m/nofp/libc_nano.a(lib_a-init.o)
                              /home/neelakanta/st/stm32cubeide_1.12.0_2/plugins/com.st.stm32cube.ide.mcu.externaltools.gnu-tools-for-stm32.10.3-2021.10.linux64_1.0.200.202301161003/tools/bin/../lib/gcc/arm-none-eabi/10.3.1/../../../../arm-none-eabi/lib/thumb/v7e-m/nofp/crt0.o (__libc_init_array)
/home/neelakanta/st/stm32cubeide_1.12.0_2/plugins/com.st.stm32cube.ide.mcu.externaltools.gnu-tools-for-stm32.10.3-2021.10.linux64_1.0.200.202301161003/tools/bin/../lib/gcc/arm-none-eabi/10.3.1/../../../../arm-none-eabi/lib/thumb/v7e-m/nofp/libc_nano.a(lib_a-memset.o)
                              /home/neelakanta/st/stm32cubeide_1.12.0_2/plugins/com.st.stm32cube.ide.mcu.externaltools.gnu-tools-for-stm32.10.3-2021.10.linux64_1.0.200.202301161003/tools/bin/../lib/gcc/arm-none-eabi/10.3.1/../../../../arm-none-eabi/lib/thumb/v7e-m/nofp/crt0.o (memset)
/home/neelakanta/st/stm32cubeide_1.12.0_2/plugins/com.st.stm32cube.ide.mcu.externaltools.gnu-tools-for-stm32.10.3-2021.10.linux64_1.0.200.202301161003/tools/bin/../lib/gcc/arm-none-eabi/10.3.1/../../../../arm-none-eabi/lib/thumb/v7e-m/nofp/libnosys.a(_exit.o)
                              /home/neelakanta/st/stm32cubeide_1.12.0_2/plugins/com.st.stm32cube.ide.mcu.externaltools.gnu-tools-for-stm32.10.3-2021.10.linux64_1.0.200.202301161003/tools/bin/../lib/gcc/arm-none-eabi/10.3.1/../../../../arm-none-eabi/lib/thumb/v7e-m/nofp/libc_nano.a(lib_a-exit.o) (_exit)

Discarded input sections

 .text          0x0000000000000000        0x0 /home/neelakanta/st/stm32cubeide_1.12.0_2/plugins/com.st.stm32cube.ide.mcu.externaltools.gnu-tools-for-stm32.10.3-2021.10.linux64_1.0.200.202301161003/tools/bin/../lib/gcc/arm-none-eabi/10.3.1/thumb/v7e-m/nofp/crti.o
 .data          0x0000000000000000        0x0 /home/neelakanta/st/stm32cubeide_1.12.0_2/plugins/com.st.stm32cube.ide.mcu.externaltools.gnu-tools-for-stm32.10.3-2021.10.linux64_1.0.200.202301161003/tools/bin/../lib/gcc/arm-none-eabi/10.3.1/thumb/v7e-m/nofp/crti.o
 .bss           0x0000000000000000        0x0 /home/neelakanta/st/stm32cubeide_1.12.0_2/plugins/com.st.stm32cube.ide.mcu.externaltools.gnu-tools-for-stm32.10.3-2021.10.linux64_1.0.200.202301161003/tools/bin/../lib/gcc/arm-none-eabi/10.3.1/thumb/v7e-m/nofp/crti.o
 .data          0x0000000000000000        0x4 /home/neelakanta/st/stm32cubeide_1.12.0_2/plugins/com.st.stm32cube.ide.mcu.externaltools.gnu-tools-for-stm32.10.3-2021.10.linux64_1.0.200.202301161003/tools/bin/../lib/gcc/arm-none-eabi/10.3.1/thumb/v7e-m/nofp/crtbegin.o
 .rodata        0x0000000000000000       0x24 /home/neelakanta/st/stm32cubeide_1.12.0_2/plugins/com.st.stm32cube.ide.mcu.externaltools.gnu-tools-for-stm32.10.3-2021.10.linux64_1.0.200.202301161003/tools/bin/../lib/gcc/arm-none-eabi/10.3.1/thumb/v7e-m/nofp/crtbegin.o
 .text          0x0000000000000000       0x7c /home/neelakanta/st/stm32cubeide_1.12.0_2/plugins/com.st.stm32cube.ide.mcu.externaltools.gnu-tools-for-stm32.10.3-2021.10.linux64_1.0.200.202301161003/tools/bin/../lib/gcc/arm-none-eabi/10.3.1/../../../../arm-none-eabi/lib/thumb/v7e-m/nofp/crt0.o
 .data          0x0000000000000000        0x0 /home/neelakanta/st/stm32cubeide_1.12.0_2/plugins/com.st.stm32cube.ide.mcu.externaltools.gnu-tools-for-stm32.10.3-2021.10.linux64_1.0.200.202301161003/tools/bin/../lib/gcc/arm-none-eabi/10.3.1/../../../../arm-none-eabi/lib/thumb/v7e-m/nofp/crt0.o
 .bss           0x0000000000000000        0x0 /home/neelakanta/st/stm32cubeide_1.12.0_2/plugins/com.st.stm32cube.ide.mcu.externaltools.gnu-tools-for-stm32.10.3-2021.10.linux64_1.0.200.202301161003/tools/bin/../lib/gcc/arm-none-eabi/10.3.1/../../../../arm-none-eabi/lib/thumb/v7e-m/nofp/crt0.o
 .ARM.extab     0x0000000000000000        0x0 /home/neelakanta/st/stm32cubeide_1.12.0_2/plugins/com.st.stm32cube.ide.mcu.externaltools.gnu-tools-for-stm32.10.3-2021.10.linux64_1.0.200.202301161003/tools/bin/../lib/gcc/arm-none-eabi/10.3.1/../../../../arm-none-eabi/lib/thumb/v7e-m/nofp/crt0.o
 .ARM.exidx     0x0000000000000000       0x10 /home/neelakanta/st/stm32cubeide_1.12.0_2/plugins/com.st.stm32cube.ide.mcu.externaltools.gnu-tools-for-stm32.10.3-2021.10.linux64_1.0.200.202301161003/tools/bin/../lib/gcc/arm-none-eabi/10.3.1/../../../../arm-none-eabi/lib/thumb/v7e-m/nofp/crt0.o
 .ARM.attributes
                0x0000000000000000       0x1c /home/neelakanta/st/stm32cubeide_1.12.0_2/plugins/com.st.stm32cube.ide.mcu.externaltools.gnu-tools-for-stm32.10.3-2021.10.linux64_1.0.200.202301161003/tools/bin/../lib/gcc/arm-none-eabi/10.3.1/../../../../arm-none-eabi/lib/thumb/v7e-m/nofp/crt0.o
 .group         0x0000000000000000        0xc ./Src/led.o
 .group         0x0000000000000000        0xc ./Src/led.o
 .group         0x0000000000000000        0xc ./Src/led.o
 .group         0x0000000000000000        0xc ./Src/led.o
 .group         0x0000000000000000        0xc ./Src/led.o
 .group         0x0000000000000000        0xc ./Src/led.o
 .group         0x0000000000000000        0xc ./Src/led.o
 .group         0x0000000000000000        0xc ./Src/led.o
 .text          0x0000000000000000        0x0 ./Src/led.o
 .data          0x0000000000000000        0x0 ./Src/led.o
 .bss           0x0000000000000000        0x0 ./Src/led.o
 .group         0x0000000000000000        0xc ./Src/main.o
 .group         0x0000000000000000        0xc ./Src/main.o
 .group         0x0000000000000000        0xc ./Src/main.o
 .group         0x0000000000000000        0xc ./Src/main.o
 .group         0x0000000000000000        0xc ./Src/main.o
 .group         0x0000000000000000        0xc ./Src/main.o
 .group         0x0000000000000000        0xc ./Src/main.o
 .group         0x0000000000000000        0xc ./Src/main.o
 .group         0x0000000000000000        0xc ./Src/main.o
 .group         0x0000000000000000        0xc ./Src/main.o
 .group         0x0000000000000000        0xc ./Src/main.o
 .group         0x0000000000000000        0xc ./Src/main.o
 .group         0x0000000000000000        0xc ./Src/main.o
 .group         0x0000000000000000        0xc ./Src/main.o
 .group         0x0000000000000000        0xc ./Src/main.o
 .group         0x0000000000000000        0xc ./Src/main.o
 .group         0x0000000000000000        0xc ./Src/main.o
 .group         0x0000000000000000        0xc ./Src/main.o
 .group         0x0000000000000000        0xc ./Src/main.o
 .group         0x0000000000000000        0xc ./Src/main.o
 .group         0x0000000000000000        0xc ./Src/main.o
 .group         0x0000000000000000        0xc ./Src/main.o
 .group         0x0000000000000000        0xc ./Src/main.o
 .group         0x0000000000000000        0xc ./Src/main.o
 .group         0x0000000000000000        0xc ./Src/main.o
 .group         0x0000000000000000        0xc ./Src/main.o
 .group         0x0000000000000000        0xc ./Src/main.o
 .group         0x0000000000000000        0xc ./Src/main.o
 .group         0x0000000000000000        0xc ./Src/main.o
 .group         0x0000000000000000        0xc ./Src/main.o
 .group         0x0000000000000000        0xc ./Src/main.o
 .group         0x0000000000000000        0xc ./Src/main.o
 .group         0x0000000000000000        0xc ./Src/main.o
 .group         0x0000000000000000        0xc ./Src/main.o
 .group         0x0000000000000000        0xc ./Src/main.o
 .group         0x0000000000000000        0xc ./Src/main.o
 .group         0x0000000000000000        0xc ./Src/main.o
 .group         0x0000000000000000        0xc ./Src/main.o
 .text          0x0000000000000000        0x0 ./Src/main.o
 .data          0x0000000000000000        0x0 ./Src/main.o
 .bss           0x0000000000000000        0x0 ./Src/main.o
 .rodata.num    0x0000000000000000        0x4 ./Src/main.o
 .text.schedule
                0x0000000000000000       0x24 ./Src/main.o
 .text.task_delay
                0x0000000000000000       0x60 ./Src/main.o
 .debug_macro   0x0000000000000000      0xa78 ./Src/main.o
 .debug_macro   0x0000000000000000       0x22 ./Src/main.o
 .debug_macro   0x0000000000000000       0x8e ./Src/main.o
 .debug_macro   0x0000000000000000       0x51 ./Src/main.o
 .debug_macro   0x0000000000000000      0x103 ./Src/main.o
 .debug_macro   0x0000000000000000       0x6a ./Src/main.o
 .debug_macro   0x0000000000000000      0x1df ./Src/main.o
 .debug_macro   0x0000000000000000       0x40 ./Src/main.o
 .text          0x0000000000000000       0x14 ./Startup/startup_stm32f407vgtx.o
 .data          0x0000000000000000        0x0 ./Startup/startup_stm32f407vgtx.o
 .bss           0x0000000000000000        0x0 ./Startup/startup_stm32f407vgtx.o
 .text          0x0000000000000000        0x0 /home/neelakanta/st/stm32cubeide_1.12.0_2/plugins/com.st.stm32cube.ide.mcu.externaltools.gnu-tools-for-stm32.10.3-2021.10.linux64_1.0.200.202301161003/tools/bin/../lib/gcc/arm-none-eabi/10.3.1/../../../../arm-none-eabi/lib/thumb/v7e-m/nofp/libc_nano.a(lib_a-exit.o)
 .data          0x0000000000000000        0x0 /home/neelakanta/st/stm32cubeide_1.12.0_2/plugins/com.st.stm32cube.ide.mcu.externaltools.gnu-tools-for-stm32.10.3-2021.10.linux64_1.0.200.202301161003/tools/bin/../lib/gcc/arm-none-eabi/10.3.1/../../../../arm-none-eabi/lib/thumb/v7e-m/nofp/libc_nano.a(lib_a-exit.o)
 .bss           0x0000000000000000        0x0 /home/neelakanta/st/stm32cubeide_1.12.0_2/plugins/com.st.stm32cube.ide.mcu.externaltools.gnu-tools-for-stm32.10.3-2021.10.linux64_1.0.200.202301161003/tools/bin/../lib/gcc/arm-none-eabi/10.3.1/../../../../arm-none-eabi/lib/thumb/v7e-m/nofp/libc_nano.a(lib_a-exit.o)
 .text.exit     0x0000000000000000       0x28 /home/neelakanta/st/stm32cubeide_1.12.0_2/plugins/com.st.stm32cube.ide.mcu.externaltools.gnu-tools-for-stm32.10.3-2021.10.linux64_1.0.200.202301161003/tools/bin/../lib/gcc/arm-none-eabi/10.3.1/../../../../arm-none-eabi/lib/thumb/v7e-m/nofp/libc_nano.a(lib_a-exit.o)
 .debug_frame   0x0000000000000000       0x28 /home/neelakanta/st/stm32cubeide_1.12.0_2/plugins/com.st.stm32cube.ide.mcu.externaltools.gnu-tools-for-stm32.10.3-2021.10.linux64_1.0.200.202301161003/tools/bin/../lib/gcc/arm-none-eabi/10.3.1/../../../../arm-none-eabi/lib/thumb/v7e-m/nofp/libc_nano.a(lib_a-exit.o)
 .ARM.attributes
                0x0000000000000000       0x2e /home/neelakanta/st/stm32cubeide_1.12.0_2/plugins/com.st.stm32cube.ide.mcu.externaltools.gnu-tools-for-stm32.10.3-2021.10.linux64_1.0.200.202301161003/tools/bin/../lib/gcc/arm-none-eabi/10.3.1/../../../../arm-none-eabi/lib/thumb/v7e-m/nofp/libc_nano.a(lib_a-exit.o)
 .text          0x0000000000000000        0x0 /home/neelakanta/st/stm32cubeide_1.12.0_2/plugins/com.st.stm32cube.ide.mcu.externaltools.gnu-tools-for-stm32.10.3-2021.10.linux64_1.0.200.202301161003/tools/bin/../lib/gcc/arm-none-eabi/10.3.1/../../../../arm-none-eabi/lib/thumb/v7e-m/nofp/libc_nano.a(lib_a-impure.o)
 .data          0x0000000000000000        0x0 /home/neelakanta/st/stm32cubeide_1.12.0_2/plugins/com.st.stm32cube.ide.mcu.externaltools.gnu-tools-for-stm32.10.3-2021.10.linux64_1.0.200.202301161003/tools/bin/../lib/gcc/arm-none-eabi/10.3.1/../../../../arm-none-eabi/lib/thumb/v7e-m/nofp/libc_nano.a(lib_a-impure.o)
 .bss           0x0000000000000000        0x0 /home/neelakanta/st/stm32cubeide_1.12.0_2/plugins/com.st.stm32cube.ide.mcu.externaltools.gnu-tools-for-stm32.10.3-2021.10.linux64_1.0.200.202301161003/tools/bin/../lib/gcc/arm-none-eabi/10.3.1/../../../../arm-none-eabi/lib/thumb/v7e-m/nofp/libc_nano.a(lib_a-impure.o)
 .data._impure_ptr
                0x0000000000000000        0x4 /home/neelakanta/st/stm32cubeide_1.12.0_2/plugins/com.st.stm32cube.ide.mcu.externaltools.gnu-tools-for-stm32.10.3-2021.10.linux64_1.0.200.202301161003/tools/bin/../lib/gcc/arm-none-eabi/10.3.1/../../../../arm-none-eabi/lib/thumb/v7e-m/nofp/libc_nano.a(lib_a-impure.o)
 .data.impure_data
                0x0000000000000000       0x60 /home/neelakanta/st/stm32cubeide_1.12.0_2/plugins/com.st.stm32cube.ide.mcu.externaltools.gnu-tools-for-stm32.10.3-2021.10.linux64_1.0.200.202301161003/tools/bin/../lib/gcc/arm-none-eabi/10.3.1/../../../../arm-none-eabi/lib/thumb/v7e-m/nofp/libc_nano.a(lib_a-impure.o)
 .rodata._global_impure_ptr
                0x0000000000000000        0x4 /home/neelakanta/st/stm32cubeide_1.12.0_2/plugins/com.st.stm32cube.ide.mcu.externaltools.gnu-tools-for-stm32.10.3-2021.10.linux64_1.0.200.202301161003/tools/bin/../lib/gcc/arm-none-eabi/10.3.1/../../../../arm-none-eabi/lib/thumb/v7e-m/nofp/libc_nano.a(lib_a-impure.o)
 .ARM.attributes
                0x0000000000000000       0x2e /home/neelakanta/st/stm32cubeide_1.12.0_2/plugins/com.st.stm32cube.ide.mcu.externaltools.gnu-tools-for-stm32.10.3-2021.10.linux64_1.0.200.202301161003/tools/bin/../lib/gcc/arm-none-eabi/10.3.1/../../../../arm-none-eabi/lib/thumb/v7e-m/nofp/libc_nano.a(lib_a-impure.o)
 .text          0x0000000000000000        0x0 /home/neelakanta/st/stm32cubeide_1.12.0_2/plugins/com.st.stm32cube.ide.mcu.externaltools.gnu-tools-for-stm32.10.3-2021.10.linux64_1.0.200.202301161003/tools/bin/../lib/gcc/arm-none-eabi/10.3.1/../../../../arm-none-eabi/lib/thumb/v7e-m/nofp/libc_nano.a(lib_a-init.o)
 .data          0x0000000000000000        0x0 /home/neelakanta/st/stm32cubeide_1.12.0_2/plugins/com.st.stm32cube.ide.mcu.externaltools.gnu-tools-for-stm32.10.3-2021.10.linux64_1.0.200.202301161003/tools/bin/../lib/gcc/arm-none-eabi/10.3.1/../../../../arm-none-eabi/lib/thumb/v7e-m/nofp/libc_nano.a(lib_a-init.o)
 .bss           0x0000000000000000        0x0 /home/neelakanta/st/stm32cubeide_1.12.0_2/plugins/com.st.stm32cube.ide.mcu.externaltools.gnu-tools-for-stm32.10.3-2021.10.linux64_1.0.200.202301161003/tools/bin/../lib/gcc/arm-none-eabi/10.3.1/../../../../arm-none-eabi/lib/thumb/v7e-m/nofp/libc_nano.a(lib_a-init.o)
 .text          0x0000000000000000        0x0 /home/neelakanta/st/stm32cubeide_1.12.0_2/plugins/com.st.stm32cube.ide.mcu.externaltools.gnu-tools-for-stm32.10.3-2021.10.linux64_1.0.200.202301161003/tools/bin/../lib/gcc/arm-none-eabi/10.3.1/../../../../arm-none-eabi/lib/thumb/v7e-m/nofp/libc_nano.a(lib_a-memset.o)
 .data          0x0000000000000000        0x0 /home/neelakanta/st/stm32cubeide_1.12.0_2/plugins/com.st.stm32cube.ide.mcu.externaltools.gnu-tools-for-stm32.10.3-2021.10.linux64_1.0.200.202301161003/tools/bin/../lib/gcc/arm-none-eabi/10.3.1/../../../../arm-none-eabi/lib/thumb/v7e-m/nofp/libc_nano.a(lib_a-memset.o)
 .bss           0x0000000000000000        0x0 /home/neelakanta/st/stm32cubeide_1.12.0_2/plugins/com.st.stm32cube.ide.mcu.externaltools.gnu-tools-for-stm32.10.3-2021.10.linux64_1.0.200.202301161003/tools/bin/../lib/gcc/arm-none-eabi/10.3.1/../../../../arm-none-eabi/lib/thumb/v7e-m/nofp/libc_nano.a(lib_a-memset.o)
 .text.memset   0x0000000000000000       0x10 /home/neelakanta/st/stm32cubeide_1.12.0_2/plugins/com.st.stm32cube.ide.mcu.externaltools.gnu-tools-for-stm32.10.3-2021.10.linux64_1.0.200.202301161003/tools/bin/../lib/gcc/arm-none-eabi/10.3.1/../../../../arm-none-eabi/lib/thumb/v7e-m/nofp/libc_nano.a(lib_a-memset.o)
 .debug_frame   0x0000000000000000       0x20 /home/neelakanta/st/stm32cubeide_1.12.0_2/plugins/com.st.stm32cube.ide.mcu.externaltools.gnu-tools-for-stm32.10.3-2021.10.linux64_1.0.200.202301161003/tools/bin/../lib/gcc/arm-none-eabi/10.3.1/../../../../arm-none-eabi/lib/thumb/v7e-m/nofp/libc_nano.a(lib_a-memset.o)
 .ARM.attributes
                0x0000000000000000       0x2e /home/neelakanta/st/stm32cubeide_1.12.0_2/plugins/com.st.stm32cube.ide.mcu.externaltools.gnu-tools-for-stm32.10.3-2021.10.linux64_1.0.200.202301161003/tools/bin/../lib/gcc/arm-none-eabi/10.3.1/../../../../arm-none-eabi/lib/thumb/v7e-m/nofp/libc_nano.a(lib_a-memset.o)
 .text          0x0000000000000000        0x0 /home/neelakanta/st/stm32cubeide_1.12.0_2/plugins/com.st.stm32cube.ide.mcu.externaltools.gnu-tools-for-stm32.10.3-2021.10.linux64_1.0.200.202301161003/tools/bin/../lib/gcc/arm-none-eabi/10.3.1/../../../../arm-none-eabi/lib/thumb/v7e-m/nofp/libnosys.a(_exit.o)
 .data          0x0000000000000000        0x0 /home/neelakanta/st/stm32cubeide_1.12.0_2/plugins/com.st.stm32cube.ide.mcu.externaltools.gnu-tools-for-stm32.10.3-2021.10.linux64_1.0.200.202301161003/tools/bin/../lib/gcc/arm-none-eabi/10.3.1/../../../../arm-none-eabi/lib/thumb/v7e-m/nofp/libnosys.a(_exit.o)
 .bss           0x0000000000000000        0x0 /home/neelakanta/st/stm32cubeide_1.12.0_2/plugins/com.st.stm32cube.ide.mcu.externaltools.gnu-tools-for-stm32.10.3-2021.10.linux64_1.0.200.202301161003/tools/bin/../lib/gcc/arm-none-eabi/10.3.1/../../../../arm-none-eabi/lib/thumb/v7e-m/nofp/libnosys.a(_exit.o)
 .text._exit    0x0000000000000000        0x2 /home/neelakanta/st/stm32cubeide_1.12.0_2/plugins/com.st.stm32cube.ide.mcu.externaltools.gnu-tools-for-stm32.10.3-2021.10.linux64_1.0.200.202301161003/tools/bin/../lib/gcc/arm-none-eabi/10.3.1/../../../../arm-none-eabi/lib/thumb/v7e-m/nofp/libnosys.a(_exit.o)
 .debug_frame   0x0000000000000000       0x20 /home/neelakanta/st/stm32cubeide_1.12.0_2/plugins/com.st.stm32cube.ide.mcu.externaltools.gnu-tools-for-stm32.10.3-2021.10.linux64_1.0.200.202301161003/tools/bin/../lib/gcc/arm-none-eabi/10.3.1/../../../../arm-none-eabi/lib/thumb/v7e-m/nofp/libnosys.a(_exit.o)
 .ARM.attributes
                0x0000000000000000       0x2e /home/neelakanta/st/stm32cubeide_1.12.0_2/plugins/com.st.stm32cube.ide.mcu.externaltools.gnu-tools-for-stm32.10.3-2021.10.linux64_1.0.200.202301161003/tools/bin/../lib/gcc/arm-none-eabi/10.3.1/../../../../arm-none-eabi/lib/thumb/v7e-m/nofp/libnosys.a(_exit.o)
 .text          0x0000000000000000        0x0 /home/neelakanta/st/stm32cubeide_1.12.0_2/plugins/com.st.stm32cube.ide.mcu.externaltools.gnu-tools-for-stm32.10.3-2021.10.linux64_1.0.200.202301161003/tools/bin/../lib/gcc/arm-none-eabi/10.3.1/thumb/v7e-m/nofp/crtend.o
 .data          0x0000000000000000        0x0 /home/neelakanta/st/stm32cubeide_1.12.0_2/plugins/com.st.stm32cube.ide.mcu.externaltools.gnu-tools-for-stm32.10.3-2021.10.linux64_1.0.200.202301161003/tools/bin/../lib/gcc/arm-none-eabi/10.3.1/thumb/v7e-m/nofp/crtend.o
 .bss           0x0000000000000000        0x0 /home/neelakanta/st/stm32cubeide_1.12.0_2/plugins/com.st.stm32cube.ide.mcu.externaltools.gnu-tools-for-stm32.10.3-2021.10.linux64_1.0.200.202301161003/tools/bin/../lib/gcc/arm-none-eabi/10.3.1/thumb/v7e-m/nofp/crtend.o
 .rodata        0x0000000000000000       0x24 /home/neelakanta/st/stm32cubeide_1.12.0_2/plugins/com.st.stm32cube.ide.mcu.externaltools.gnu-tools-for-stm32.10.3-2021.10.linux64_1.0.200.202301161003/tools/bin/../lib/gcc/arm-none-eabi/10.3.1/thumb/v7e-m/nofp/crtend.o
 .eh_frame      0x0000000000000000        0x4 /home/neelakanta/st/stm32cubeide_1.12.0_2/plugins/com.st.stm32cube.ide.mcu.externaltools.gnu-tools-for-stm32.10.3-2021.10.linux64_1.0.200.202301161003/tools/bin/../lib/gcc/arm-none-eabi/10.3.1/thumb/v7e-m/nofp/crtend.o
 .ARM.attributes
                0x0000000000000000       0x2e /home/neelakanta/st/stm32cubeide_1.12.0_2/plugins/com.st.stm32cube.ide.mcu.externaltools.gnu-tools-for-stm32.10.3-2021.10.linux64_1.0.200.202301161003/tools/bin/../lib/gcc/arm-none-eabi/10.3.1/thumb/v7e-m/nofp/crtend.o
 .text          0x0000000000000000        0x0 /home/neelakanta/st/stm32cubeide_1.12.0_2/plugins/com.st.stm32cube.ide.mcu.externaltools.gnu-tools-for-stm32.10.3-2021.10.linux64_1.0.200.202301161003/tools/bin/../lib/gcc/arm-none-eabi/10.3.1/thumb/v7e-m/nofp/crtn.o
 .data          0x0000000000000000        0x0 /home/neelakanta/st/stm32cubeide_1.12.0_2/plugins/com.st.stm32cube.ide.mcu.externaltools.gnu-tools-for-stm32.10.3-2021.10.linux64_1.0.200.202301161003/tools/bin/../lib/gcc/arm-none-eabi/10.3.1/thumb/v7e-m/nofp/crtn.o
 .bss           0x0000000000000000        0x0 /home/neelakanta/st/stm32cubeide_1.12.0_2/plugins/com.st.stm32cube.ide.mcu.externaltools.gnu-tools-for-stm32.10.3-2021.10.linux64_1.0.200.202301161003/tools/bin/../lib/gcc/arm-none-eabi/10.3.1/thumb/v7e-m/nofp/crtn.o

Memory Configuration

Name             Origin             Length             Attributes
CCMRAM           0x0000000010000000 0x0000000000010000 xrw
RAM              0x0000000020000000 0x0000000000020000 xrw
FLASH            0x0000000008000000 0x0000000000100000 xr
*default*        0x0000000000000000 0xffffffffffffffff

Linker script and memory map

LOAD /home/neelakanta/st/stm32cubeide_1.12.0_2/plugins/com.st.stm32cube.ide.mcu.externaltools.gnu-tools-for-stm32.10.3-2021.10.linux64_1.0.200.202301161003/tools/bin/../lib/gcc/arm-none-eabi/10.3.1/thumb/v7e-m/nofp/crti.o
LOAD /home/neelakanta/st/stm32cubeide_1.12.0_2/plugins/com.st.stm32cube.ide.mcu.externaltools.gnu-tools-for-stm32.10.3-2021.10.linux64_1.0.200.202301161003/tools/bin/../lib/gcc/arm-none-eabi/10.3.1/thumb/v7e-m/nofp/crtbegin.o
LOAD /home/neelakanta/st/stm32cubeide_1.12.0_2/plugins/com.st.stm32cube.ide.mcu.externaltools.gnu-tools-for-stm32.10.3-2021.10.linux64_1.0.200.202301161003/tools/bin/../lib/gcc/arm-none-eabi/10.3.1/../../../../arm-none-eabi/lib/thumb/v7e-m/nofp/crt0.o
LOAD ./Src/led.o
LOAD ./Src/main.o
LOAD ./Startup/startup_stm32f407vgtx.o
START GROUP
LOAD /home/neelakanta/st/stm32cubeide_1.12.0_2/plugins/com.st.stm32cube.ide.mcu.externaltools.gnu-tools-for-stm32.10.3-2021.10.linux64_1.0.200.202301161003/tools/bin/../lib/gcc/arm-none-eabi/10.3.1/../../../../arm-none-eabi/lib/thumb/v7e-m/nofp/libc_nano.a
LOAD /home/neelakanta/st/stm32cubeide_1.12.0_2/plugins/com.st.stm32cube.ide.mcu.externaltools.gnu-tools-for-stm32.10.3-2021.10.linux64_1.0.200.202301161003/tools/bin/../lib/gcc/arm-none-eabi/10.3.1/../../../../arm-none-eabi/lib/thumb/v7e-m/nofp/libm.a
END GROUP
START GROUP
LOAD /home/neelakanta/st/stm32cubeide_1.12.0_2/plugins/com.st.stm32cube.ide.mcu.externaltools.gnu-tools-for-stm32.10.3-2021.10.linux64_1.0.200.202301161003/tools/bin/../lib/gcc/arm-none-eabi/10.3.1/thumb/v7e-m/nofp/libgcc.a
LOAD /home/neelakanta/st/stm32cubeide_1.12.0_2/plugins/com.st.stm32cube.ide.mcu.externaltools.gnu-tools-for-stm32.10.3-2021.10.linux64_1.0.200.202301161003/tools/bin/../lib/gcc/arm-none-eabi/10.3.1/../../../../arm-none-eabi/lib/thumb/v7e-m/nofp/libc_nano.a
END GROUP
START GROUP
LOAD /home/neelakanta/st/stm32cubeide_1.12.0_2/plugins/com.st.stm32cube.ide.mcu.externaltools.gnu-tools-for-stm32.10.3-2021.10.linux64_1.0.200.202301161003/tools/bin/../lib/gcc/arm-none-eabi/10.3.1/thumb/v7e-m/nofp/libgcc.a
LOAD /home/neelakanta/st/stm32cubeide_1.12.0_2/plugins/com.st.stm32cube.ide.mcu.externaltools.gnu-tools-for-stm32.10.3-2021.10.linux64_1.0.200.202301161003/tools/bin/../lib/gcc/arm-none-eabi/10.3.1/../../../../arm-none-eabi/lib/thumb/v7e-m/nofp/libc_nano.a
LOAD /home/neelakanta/st/stm32cubeide_1.12.0_2/plugins/com.st.stm32cube.ide.mcu.externaltools.gnu-tools-for-stm32.10.3-2021.10.linux64_1.0.200.202301161003/tools/bin/../lib/gcc/arm-none-eabi/10.3.1/../../../../arm-none-eabi/lib/thumb/v7e-m/nofp/libnosys.a
END GROUP
START GROUP
LOAD /home/neelakanta/st/stm32cubeide_1.12.0_2/plugins/com.st.stm32cube.ide.mcu.externaltools.gnu-tools-for-stm32.10.3-2021.10.linux64_1.0.200.202301161003/tools/bin/../lib/gcc/arm-none-eabi/10.3.1/thumb/v7e-m/nofp/libgcc.a
LOAD /home/neelakanta/st/stm32cubeide_1.12.0_2/plugins/com.st.stm32cube.ide.mcu.externaltools.gnu-tools-for-stm32.10.3-2021.10.linux64_1.0.200.202301161003/tools/bin/../lib/gcc/arm-none-eabi/10.3.1/../../../../arm-none-eabi/lib/thumb/v7e-m/nofp/libc_nano.a
LOAD /home/neelakanta/st/stm32cubeide_1.12.0_2/plugins/com.st.stm32cube.ide.mcu.externaltools.gnu-tools-for-stm32.10.3-2021.10.linux64_1.0.200.202301161003/tools/bin/../lib/gcc/arm-none-eabi/10.3.1/../../../../arm-none-eabi/lib/thumb/v7e-m/nofp/libnosys.a
END GROUP
LOAD /home/neelakanta/st/stm32cubeide_1.12.0_2/plugins/com.st.stm32cube.ide.mcu.externaltools.gnu-tools-for-stm32.10.3-2021.10.linux64_1.0.200.202301161003/tools/bin/../lib/gcc/arm-none-eabi/10.3.1/thumb/v7e-m/nofp/crtend.o
LOAD /home/neelakanta/st/stm32cubeide_1.12.0_2/plugins/com.st.stm32cube.ide.mcu.externaltools.gnu-tools-for-stm32.10.3-2021.10.linux64_1.0.200.202301161003/tools/bin/../lib/gcc/arm-none-eabi/10.3.1/thumb/v7e-m/nofp/crtn.o
                0x0000000020020000                _estack = (ORIGIN (RAM) + LENGTH (RAM))
                0x0000000000000200                _Min_Heap_Size = 0x200
                0x0000000000000400                _Min_Stack_Size = 0x400

.isr_vector     0x0000000008000000      0x1a8
                0x0000000008000000                . = ALIGN (0x4)
 *(.isr_vector)
 .isr_vector    0x0000000008000000      0x1a8 ./Startup/startup_stm32f407vgtx.o
                0x0000000008000000                g_pfnVectors
                0x00000000080001a8                . = ALIGN (0x4)

.text           0x00000000080001a8      0x638
                0x00000000080001a8                . = ALIGN (0x4)
 *(.text)
 .text          0x00000000080001a8       0x40 /home/neelakanta/st/stm32cubeide_1.12.0_2/plugins/com.st.stm32cube.ide.mcu.externaltools.gnu-tools-for-stm32.10.3-2021.10.linux64_1.0.200.202301161003/tools/bin/../lib/gcc/arm-none-eabi/10.3.1/thumb/v7e-m/nofp/crtbegin.o
 *(.text*)
 .text.delay    0x00000000080001e8       0x28 ./Src/led.o
                0x00000000080001e8                delay
 .text.led_init_all
                0x0000000008000210       0x74 ./Src/led.o
                0x0000000008000210                led_init_all
 .text.led_on   0x0000000008000284       0x30 ./Src/led.o
                0x0000000008000284                led_on
 .text.led_off  0x00000000080002b4       0x30 ./Src/led.o
                0x00000000080002b4                led_off
 .text.main     0x00000000080002e4       0x2c ./Src/main.o
                0x00000000080002e4                main
 .text.switch_sp_to_psp
                0x0000000008000310       0x1a ./Src/main.o
                0x0000000008000310                switch_sp_to_psp
 *fill*         0x000000000800032a        0x2 
 .text.get_psp_value
                0x000000000800032c       0x20 ./Src/main.o
                0x000000000800032c                get_psp_value
 .text.save_psp_value
                0x000000000800034c       0x28 ./Src/main.o
                0x000000000800034c                save_psp_value
 .text.idle_handler
                0x0000000008000374        0x6 ./Src/main.o
                0x0000000008000374                idle_handler
 *fill*         0x000000000800037a        0x2 
 .text.t1_handler
                0x000000000800037c       0x24 ./Src/main.o
                0x000000000800037c                t1_handler
 .text.t2_handler
                0x00000000080003a0       0x24 ./Src/main.o
                0x00000000080003a0                t2_handler
 .text.t3_handler
                0x00000000080003c4       0x24 ./Src/main.o
                0x00000000080003c4                t3_handler
 .text.t4_handler
                0x00000000080003e8       0x24 ./Src/main.o
                0x00000000080003e8                t4_handler
 .text.init_tasks_stack
                0x000000000800040c      0x114 ./Src/main.o
                0x000000000800040c                init_tasks_stack
 .text.init_systick_timer
                0x0000000008000520       0x70 ./Src/main.o
                0x0000000008000520                init_systick_timer
 .text.init_scheduler_stack
                0x0000000008000590        0xa ./Src/main.o
                0x0000000008000590                init_scheduler_stack
 *fill*         0x000000000800059a        0x2 
 .text.enable_fault_handlers
                0x000000000800059c       0x24 ./Src/main.o
                0x000000000800059c                enable_fault_handlers
 .text.HardFault_Handler
                0x00000000080005c0        0x6 ./Src/main.o
                0x00000000080005c0                HardFault_Handler
 .text.MemManage_Handler
                0x00000000080005c6        0x6 ./Src/main.o
                0x00000000080005c6                MemManage_Handler
 .text.BusFault_Handler
                0x00000000080005cc        0x6 ./Src/main.o
                0x00000000080005cc                BusFault_Handler
 *fill*         0x00000000080005d2        0x2 
 .text.update_next_task
                0x00000000080005d4       0x88 ./Src/main.o
                0x00000000080005d4                update_next_task
 .text.PendSV_Handler
                0x000000000800065c       0x26 ./Src/main.o
                0x000000000800065c                PendSV_Handler
 *fill*         0x0000000008000682        0x2 
 .text.update_global_tick_cnt
                0x0000000008000684       0x1c ./Src/main.o
                0x0000000008000684                update_global_tick_cnt
 .text.unblock_tasks
                0x00000000080006a0       0x60 ./Src/main.o
                0x00000000080006a0                unblock_tasks
 .text.SysTick_Handler
                0x0000000008000700       0x2c ./Src/main.o
                0x0000000008000700                SysTick_Handler
 .text.Reset_Handler
                0x000000000800072c       0x50 ./Startup/startup_stm32f407vgtx.o
                0x000000000800072c                Reset_Handler
 .text.Default_Handler
                0x000000000800077c        0x2 ./Startup/startup_stm32f407vgtx.o
                0x000000000800077c                RTC_Alarm_IRQHandler
                0x000000000800077c                HASH_RNG_IRQHandler
                0x000000000800077c                EXTI2_IRQHandler
                0x000000000800077c                TIM8_CC_IRQHandler
                0x000000000800077c                DebugMon_Handler
                0x000000000800077c                TIM1_CC_IRQHandler
                0x000000000800077c                DMA2_Stream5_IRQHandler
                0x000000000800077c                DMA1_Stream5_IRQHandler
                0x000000000800077c                PVD_IRQHandler
                0x000000000800077c                SDIO_IRQHandler
                0x000000000800077c                TAMP_STAMP_IRQHandler
                0x000000000800077c                NMI_Handler
                0x000000000800077c                CAN2_RX1_IRQHandler
                0x000000000800077c                EXTI3_IRQHandler
                0x000000000800077c                TIM8_TRG_COM_TIM14_IRQHandler
                0x000000000800077c                TIM1_UP_TIM10_IRQHandler
                0x000000000800077c                TIM8_UP_TIM13_IRQHandler
                0x000000000800077c                I2C3_ER_IRQHandler
                0x000000000800077c                LCD_TFT_IRQHandler
                0x000000000800077c                EXTI0_IRQHandler
                0x000000000800077c                I2C2_EV_IRQHandler
                0x000000000800077c                DMA1_Stream2_IRQHandler
                0x000000000800077c                CAN1_RX0_IRQHandler
                0x000000000800077c                FPU_IRQHandler
                0x000000000800077c                OTG_HS_WKUP_IRQHandler
                0x000000000800077c                UsageFault_Handler
                0x000000000800077c                CAN2_SCE_IRQHandler
                0x000000000800077c                DMA2_Stream2_IRQHandler
                0x000000000800077c                SPI1_IRQHandler
                0x000000000800077c                TIM6_DAC_IRQHandler
                0x000000000800077c                TIM1_BRK_TIM9_IRQHandler
                0x000000000800077c                DCMI_IRQHandler
                0x000000000800077c                CAN2_RX0_IRQHandler
                0x000000000800077c                DMA2_Stream3_IRQHandler
                0x000000000800077c                USART6_IRQHandler
                0x000000000800077c                USART3_IRQHandler
                0x000000000800077c                CRYP_IRQHandler
                0x000000000800077c                CAN1_RX1_IRQHandler
                0x000000000800077c                UART5_IRQHandler
                0x000000000800077c                DMA2_Stream0_IRQHandler
                0x000000000800077c                TIM4_IRQHandler
                0x000000000800077c                I2C1_EV_IRQHandler
                0x000000000800077c                DMA1_Stream6_IRQHandler
                0x000000000800077c                DMA1_Stream1_IRQHandler
                0x000000000800077c                UART4_IRQHandler
                0x000000000800077c                LCD_TFT_1_IRQHandler
                0x000000000800077c                TIM3_IRQHandler
                0x000000000800077c                RCC_IRQHandler
                0x000000000800077c                TIM8_BRK_TIM12_IRQHandler
                0x000000000800077c                Default_Handler
                0x000000000800077c                EXTI15_10_IRQHandler
                0x000000000800077c                ADC_IRQHandler
                0x000000000800077c                DMA1_Stream7_IRQHandler
                0x000000000800077c                TIM7_IRQHandler
                0x000000000800077c                CAN2_TX_IRQHandler
                0x000000000800077c                TIM5_IRQHandler
                0x000000000800077c                DMA2_Stream7_IRQHandler
                0x000000000800077c                I2C3_EV_IRQHandler
                0x000000000800077c                EXTI9_5_IRQHandler
                0x000000000800077c                RTC_WKUP_IRQHandler
                0x000000000800077c                ETH_WKUP_IRQHandler
                0x000000000800077c                SPI2_IRQHandler
                0x000000000800077c                OTG_HS_EP1_IN_IRQHandler
                0x000000000800077c                DMA1_Stream0_IRQHandler
                0x000000000800077c                CAN1_TX_IRQHandler
                0x000000000800077c                SVC_Handler
                0x000000000800077c                EXTI4_IRQHandler
                0x000000000800077c                FSMC_IRQHandler
                0x000000000800077c                ETH_IRQHandler
                0x000000000800077c                OTG_HS_EP1_OUT_IRQHandler
                0x000000000800077c                WWDG_IRQHandler
                0x000000000800077c                TIM2_IRQHandler
                0x000000000800077c                OTG_FS_WKUP_IRQHandler
                0x000000000800077c                TIM1_TRG_COM_TIM11_IRQHandler
                0x000000000800077c                OTG_HS_IRQHandler
                0x000000000800077c                EXTI1_IRQHandler
                0x000000000800077c                USART2_IRQHandler
                0x000000000800077c                I2C2_ER_IRQHandler
                0x000000000800077c                DMA2_Stream1_IRQHandler
                0x000000000800077c                CAN1_SCE_IRQHandler
                0x000000000800077c                DMA2_Stream4_IRQHandler
                0x000000000800077c                USART1_IRQHandler
                0x000000000800077c                OTG_FS_IRQHandler
                0x000000000800077c                SPI3_IRQHandler
                0x000000000800077c                DMA1_Stream4_IRQHandler
                0x000000000800077c                I2C1_ER_IRQHandler
                0x000000000800077c                DMA2_Stream6_IRQHandler
                0x000000000800077c                DMA1_Stream3_IRQHandler
 *fill*         0x000000000800077e        0x2 
 .text.__libc_init_array
                0x0000000008000780       0x48 /home/neelakanta/st/stm32cubeide_1.12.0_2/plugins/com.st.stm32cube.ide.mcu.externaltools.gnu-tools-for-stm32.10.3-2021.10.linux64_1.0.200.202301161003/tools/bin/../lib/gcc/arm-none-eabi/10.3.1/../../../../arm-none-eabi/lib/thumb/v7e-m/nofp/libc_nano.a(lib_a-init.o)
                0x0000000008000780                __libc_init_array
 *(.glue_7)
 .glue_7        0x00000000080007c8        0x0 linker stubs
 *(.glue_7t)
 .glue_7t       0x00000000080007c8        0x0 linker stubs
 *(.eh_frame)
 .eh_frame      0x00000000080007c8        0x0 /home/neelakanta/st/stm32cubeide_1.12.0_2/plugins/com.st.stm32cube.ide.mcu.externaltools.gnu-tools-for-stm32.10.3-2021.10.linux64_1.0.200.202301161003/tools/bin/../lib/gcc/arm-none-eabi/10.3.1/thumb/v7e-m/nofp/crtbegin.o
 *(.init)
 .init          0x00000000080007c8        0x4 /home/neelakanta/st/stm32cubeide_1.12.0_2/plugins/com.st.stm32cube.ide.mcu.externaltools.gnu-tools-for-stm32.10.3-2021.10.linux64_1.0.200.202301161003/tools/bin/../lib/gcc/arm-none-eabi/10.3.1/thumb/v7e-m/nofp/crti.o
                0x00000000080007c8                _init
 .init          0x00000000080007cc        0x8 /home/neelakanta/st/stm32cubeide_1.12.0_2/plugins/com.st.stm32cube.ide.mcu.externaltools.gnu-tools-for-stm32.10.3-2021.10.linux64_1.0.200.202301161003/tools/bin/../lib/gcc/arm-none-eabi/10.3.1/thumb/v7e-m/nofp/crtn.o
 *(.fini)
 .fini          0x00000000080007d4        0x4 /home/neelakanta/st/stm32cubeide_1.12.0_2/plugins/com.st.stm32cube.ide.mcu.externaltools.gnu-tools-for-stm32.10.3-2021.10.linux64_1.0.200.202301161003/tools/bin/../lib/gcc/arm-none-eabi/10.3.1/thumb/v7e-m/nofp/crti.o
                0x00000000080007d4                _fini
 .fini          0x00000000080007d8        0x8 /home/neelakanta/st/stm32cubeide_1.12.0_2/plugins/com.st.stm32cube.ide.mcu.externaltools.gnu-tools-for-stm32.10.3-2021.10.linux64_1.0.200.202301161003/tools/bin/../lib/gcc/arm-none-eabi/10.3.1/thumb/v7e-m/nofp/crtn.o
                0x00000000080007e0                . = ALIGN (0x4)
                0x00000000080007e0                _etext = .

.vfp11_veneer   0x00000000080007e0        0x0
 .vfp11_veneer  0x00000000080007e0        0x0 linker stubs

.v4_bx          0x00000000080007e0        0x0
 .v4_bx         0x00000000080007e0        0x0 linker stubs

.iplt           0x00000000080007e0        0x0
 .iplt          0x00000000080007e0        0x0 /home/neelakanta/st/stm32cubeide_1.12.0_2/plugins/com.st.stm32cube.ide.mcu.externaltools.gnu-tools-for-stm32.10.3-2021.10.linux64_1.0.200.202301161003/tools/bin/../lib/gcc/arm-none-eabi/10.3.1/thumb/v7e-m/nofp/crtbegin.o

.rel.dyn        0x00000000080007e0        0x0
 .rel.iplt      0x00000000080007e0        0x0 /home/neelakanta/st/stm32cubeide_1.12.0_2/plugins/com.st.stm32cube.ide.mcu.externaltools.gnu-tools-for-stm32.10.3-2021.10.linux64_1.0.200.202301161003/tools/bin/../lib/gcc/arm-none-eabi/10.3.1/thumb/v7e-m/nofp/crtbegin.o

.rodata         0x00000000080007e0        0x0
                0x00000000080007e0                . = ALIGN (0x4)
 *(.rodata)
 *(.rodata*)
                0x00000000080007e0                . = ALIGN (0x4)

.ARM.extab      0x00000000080007e0        0x0
                0x00000000080007e0                . = ALIGN (0x4)
 *(.ARM.extab* .gnu.linkonce.armextab.*)
                0x00000000080007e0                . = ALIGN (0x4)

.ARM            0x00000000080007e0        0x0
                0x00000000080007e0                . = ALIGN (0x4)
                0x00000000080007e0                __exidx_start = .
 *(.ARM.exidx*)
                0x00000000080007e0                __exidx_end = .
                0x00000000080007e0                . = ALIGN (0x4)

.preinit_array  0x00000000080007e0        0x0
                0x00000000080007e0                . = ALIGN (0x4)
                0x00000000080007e0                PROVIDE (__preinit_array_start = .)
 *(.preinit_array*)
                0x00000000080007e0                PROVIDE (__preinit_array_end = .)
                0x00000000080007e0                . = ALIGN (0x4)

.init_array     0x00000000080007e0        0x4
                0x00000000080007e0                . = ALIGN (0x4)
                0x00000000080007e0                PROVIDE (__init_array_start = .)
 *(SORT_BY_NAME(.init_array.*))
 *(.init_array*)
 .init_array    0x00000000080007e0        0x4 /home/neelakanta/st/stm32cubeide_1.12.0_2/plugins/com.st.stm32cube.ide.mcu.externaltools.gnu-tools-for-stm32.10.3-2021.10.linux64_1.0.200.202301161003/tools/bin/../lib/gcc/arm-none-eabi/10.3.1/thumb/v7e-m/nofp/crtbegin.o
                0x00000000080007e4                PROVIDE (__init_array_end = .)
                0x00000000080007e4                . = ALIGN (0x4)

.fini_array     0x00000000080007e4        0x4
                0x00000000080007e4                . = ALIGN (0x4)
                [!provide]                        PROVIDE (__fini_array_start = .)
 *(SORT_BY_NAME(.fini_array.*))
 *(.fini_array*)
 .fini_array    0x00000000080007e4        0x4 /home/neelakanta/st/stm32cubeide_1.12.0_2/plugins/com.st.stm32cube.ide.mcu.externaltools.gnu-tools-for-stm32.10.3-2021.10.linux64_1.0.200.202301161003/tools/bin/../lib/gcc/arm-none-eabi/10.3.1/thumb/v7e-m/nofp/crtbegin.o
                [!provide]                        PROVIDE (__fini_array_end = .)
                0x00000000080007e8                . = ALIGN (0x4)
                0x00000000080007e8                _sidata = LOADADDR (.data)

.data           0x0000000020000000        0x4 load address 0x00000000080007e8
                0x0000000020000000                . = ALIGN (0x4)
                0x0000000020000000                _sdata = .
 *(.data)
 *(.data*)
 .data.current_task
                0x0000000020000000        0x1 ./Src/main.o
                0x0000000020000000                current_task
 *(.RamFunc)
 *(.RamFunc*)
                0x0000000020000004                . = ALIGN (0x4)
 *fill*         0x0000000020000001        0x3 
                0x0000000020000004                _edata = .
                0x00000000080007ec                _siccmram = LOADADDR (.ccmram)

.igot.plt       0x0000000020000004        0x0 load address 0x00000000080007ec
 .igot.plt      0x0000000020000004        0x0 /home/neelakanta/st/stm32cubeide_1.12.0_2/plugins/com.st.stm32cube.ide.mcu.externaltools.gnu-tools-for-stm32.10.3-2021.10.linux64_1.0.200.202301161003/tools/bin/../lib/gcc/arm-none-eabi/10.3.1/thumb/v7e-m/nofp/crtbegin.o

.ccmram         0x0000000010000000        0x0 load address 0x00000000080007ec
                0x0000000010000000                . = ALIGN (0x4)
                0x0000000010000000                _sccmram = .
 *(.ccmram)
 *(.ccmram*)
                0x0000000010000000                . = ALIGN (0x4)
                0x0000000010000000                _eccmram = .
                0x0000000010000000                . = ALIGN (0x4)

.bss            0x0000000020000004       0x70
                0x0000000020000004                _sbss = .
                0x0000000020000004                __bss_start__ = _sbss
 *(.bss)
 .bss           0x0000000020000004       0x1c /home/neelakanta/st/stm32cubeide_1.12.0_2/plugins/com.st.stm32cube.ide.mcu.externaltools.gnu-tools-for-stm32.10.3-2021.10.linux64_1.0.200.202301161003/tools/bin/../lib/gcc/arm-none-eabi/10.3.1/thumb/v7e-m/nofp/crtbegin.o
 *(.bss*)
 .bss.g_tick_cnt
                0x0000000020000020        0x4 ./Src/main.o
                0x0000000020000020                g_tick_cnt
 .bss.user_task
                0x0000000020000024       0x50 ./Src/main.o
                0x0000000020000024                user_task
 *(COMMON)
                0x0000000020000074                . = ALIGN (0x4)
                0x0000000020000074                _ebss = .
                0x0000000020000074                __bss_end__ = _ebss

._user_heap_stack
                0x0000000020000074      0x604
                0x0000000020000078                . = ALIGN (0x8)
 *fill*         0x0000000020000074        0x4 
                [!provide]                        PROVIDE (end = .)
                [!provide]                        PROVIDE (_end = .)
                0x0000000020000278                . = (. + _Min_Heap_Size)
 *fill*         0x0000000020000078      0x200 
                0x0000000020000678                . = (. + _Min_Stack_Size)
 *fill*         0x0000000020000278      0x400 
                0x0000000020000678                . = ALIGN (0x8)

/DISCARD/
 libc.a(*)
 libm.a(*)
 libgcc.a(*)

.ARM.attributes
                0x0000000000000000       0x2a
 *(.ARM.attributes)
 .ARM.attributes
                0x0000000000000000       0x1e /home/neelakanta/st/stm32cubeide_1.12.0_2/plugins/com.st.stm32cube.ide.mcu.externaltools.gnu-tools-for-stm32.10.3-2021.10.linux64_1.0.200.202301161003/tools/bin/../lib/gcc/arm-none-eabi/10.3.1/thumb/v7e-m/nofp/crti.o
 .ARM.attributes
                0x000000000000001e       0x2e /home/neelakanta/st/stm32cubeide_1.12.0_2/plugins/com.st.stm32cube.ide.mcu.externaltools.gnu-tools-for-stm32.10.3-2021.10.linux64_1.0.200.202301161003/tools/bin/../lib/gcc/arm-none-eabi/10.3.1/thumb/v7e-m/nofp/crtbegin.o
 .ARM.attributes
                0x000000000000004c       0x2e ./Src/led.o
 .ARM.attributes
                0x000000000000007a       0x2e ./Src/main.o
 .ARM.attributes
                0x00000000000000a8       0x21 ./Startup/startup_stm32f407vgtx.o
 .ARM.attributes
                0x00000000000000c9       0x2e /home/neelakanta/st/stm32cubeide_1.12.0_2/plugins/com.st.stm32cube.ide.mcu.externaltools.gnu-tools-for-stm32.10.3-2021.10.linux64_1.0.200.202301161003/tools/bin/../lib/gcc/arm-none-eabi/10.3.1/../../../../arm-none-eabi/lib/thumb/v7e-m/nofp/libc_nano.a(lib_a-init.o)
 .ARM.attributes
                0x00000000000000f7       0x1e /home/neelakanta/st/stm32cubeide_1.12.0_2/plugins/com.st.stm32cube.ide.mcu.externaltools.gnu-tools-for-stm32.10.3-2021.10.linux64_1.0.200.202301161003/tools/bin/../lib/gcc/arm-none-eabi/10.3.1/thumb/v7e-m/nofp/crtn.o
OUTPUT(014_Task_Scheduler_openocd.elf elf32-littlearm)
LOAD linker stubs
LOAD /home/neelakanta/st/stm32cubeide_1.12.0_2/plugins/com.st.stm32cube.ide.mcu.externaltools.gnu-tools-for-stm32.10.3-2021.10.linux64_1.0.200.202301161003/tools/bin/../lib/gcc/arm-none-eabi/10.3.1/../../../../arm-none-eabi/lib/thumb/v7e-m/nofp/libc.a
LOAD /home/neelakanta/st/stm32cubeide_1.12.0_2/plugins/com.st.stm32cube.ide.mcu.externaltools.gnu-tools-for-stm32.10.3-2021.10.linux64_1.0.200.202301161003/tools/bin/../lib/gcc/arm-none-eabi/10.3.1/../../../../arm-none-eabi/lib/thumb/v7e-m/nofp/libm.a
LOAD /home/neelakanta/st/stm32cubeide_1.12.0_2/plugins/com.st.stm32cube.ide.mcu.externaltools.gnu-tools-for-stm32.10.3-2021.10.linux64_1.0.200.202301161003/tools/bin/../lib/gcc/arm-none-eabi/10.3.1/thumb/v7e-m/nofp/libgcc.a

.debug_info     0x0000000000000000      0x645
 .debug_info    0x0000000000000000      0x17e ./Src/led.o
 .debug_info    0x000000000000017e      0x4a5 ./Src/main.o
 .debug_info    0x0000000000000623       0x22 ./Startup/startup_stm32f407vgtx.o

.debug_abbrev   0x0000000000000000      0x345
 .debug_abbrev  0x0000000000000000       0xd3 ./Src/led.o
 .debug_abbrev  0x00000000000000d3      0x260 ./Src/main.o
 .debug_abbrev  0x0000000000000333       0x12 ./Startup/startup_stm32f407vgtx.o

.debug_aranges  0x0000000000000000      0x130
 .debug_aranges
                0x0000000000000000       0x38 ./Src/led.o
 .debug_aranges
                0x0000000000000038       0xd0 ./Src/main.o
 .debug_aranges
                0x0000000000000108       0x28 ./Startup/startup_stm32f407vgtx.o

.debug_ranges   0x0000000000000000      0x108
 .debug_ranges  0x0000000000000000       0x28 ./Src/led.o
 .debug_ranges  0x0000000000000028       0xc0 ./Src/main.o
 .debug_ranges  0x00000000000000e8       0x20 ./Startup/startup_stm32f407vgtx.o

.debug_macro    0x0000000000000000     0x1e29
 .debug_macro   0x0000000000000000       0x6c ./Src/led.o
 .debug_macro   0x000000000000006c      0xa78 ./Src/led.o
 .debug_macro   0x0000000000000ae4       0x22 ./Src/led.o
 .debug_macro   0x0000000000000b06       0x8e ./Src/led.o
 .debug_macro   0x0000000000000b94       0x51 ./Src/led.o
 .debug_macro   0x0000000000000be5      0x103 ./Src/led.o
 .debug_macro   0x0000000000000ce8       0x6a ./Src/led.o
 .debug_macro   0x0000000000000d52      0x1df ./Src/led.o
 .debug_macro   0x0000000000000f31       0x40 ./Src/led.o
 .debug_macro   0x0000000000000f71      0x1f6 ./Src/main.o
 .debug_macro   0x0000000000001167       0x52 ./Src/main.o
 .debug_macro   0x00000000000011b9       0x18 ./Src/main.o
 .debug_macro   0x00000000000011d1       0x3c ./Src/main.o
 .debug_macro   0x000000000000120d       0x34 ./Src/main.o
 .debug_macro   0x0000000000001241       0x16 ./Src/main.o
 .debug_macro   0x0000000000001257       0x97 ./Src/main.o
 .debug_macro   0x00000000000012ee      0x341 ./Src/main.o
 .debug_macro   0x000000000000162f       0xfd ./Src/main.o
 .debug_macro   0x000000000000172c       0x10 ./Src/main.o
 .debug_macro   0x000000000000173c       0x16 ./Src/main.o
 .debug_macro   0x0000000000001752       0x43 ./Src/main.o
 .debug_macro   0x0000000000001795       0x34 ./Src/main.o
 .debug_macro   0x00000000000017c9       0x10 ./Src/main.o
 .debug_macro   0x00000000000017d9       0x58 ./Src/main.o
 .debug_macro   0x0000000000001831       0x71 ./Src/main.o
 .debug_macro   0x00000000000018a2       0x1c ./Src/main.o
 .debug_macro   0x00000000000018be      0x12a ./Src/main.o
 .debug_macro   0x00000000000019e8       0x10 ./Src/main.o
 .debug_macro   0x00000000000019f8       0x1c ./Src/main.o
 .debug_macro   0x0000000000001a14       0x52 ./Src/main.o
 .debug_macro   0x0000000000001a66       0x22 ./Src/main.o
 .debug_macro   0x0000000000001a88       0x10 ./Src/main.o
 .debug_macro   0x0000000000001a98       0x52 ./Src/main.o
 .debug_macro   0x0000000000001aea       0xd5 ./Src/main.o
 .debug_macro   0x0000000000001bbf       0x1c ./Src/main.o
 .debug_macro   0x0000000000001bdb       0x3d ./Src/main.o
 .debug_macro   0x0000000000001c18       0x16 ./Src/main.o
 .debug_macro   0x0000000000001c2e      0x145 ./Src/main.o
 .debug_macro   0x0000000000001d73       0x4c ./Src/main.o
 .debug_macro   0x0000000000001dbf       0x6a ./Src/main.o

.debug_line     0x0000000000000000      0xdfd
 .debug_line    0x0000000000000000      0x426 ./Src/led.o
 .debug_line    0x0000000000000426      0x953 ./Src/main.o
 .debug_line    0x0000000000000d79       0x84 ./Startup/startup_stm32f407vgtx.o

.debug_str      0x0000000000000000     0x81fe
 .debug_str     0x0000000000000000     0x3be6 ./Src/led.o
                                       0x3d63 (size before relaxing)
 .debug_str     0x0000000000003be6     0x45a1 ./Src/main.o
                                       0x8354 (size before relaxing)
 .debug_str     0x0000000000008187       0x77 ./Startup/startup_stm32f407vgtx.o

.comment        0x0000000000000000       0x50
 .comment       0x0000000000000000       0x50 ./Src/led.o
                                         0x51 (size before relaxing)
 .comment       0x0000000000000050       0x51 ./Src/main.o

.debug_frame    0x0000000000000000      0x3a4
 .debug_frame   0x0000000000000000       0xac ./Src/led.o
 .debug_frame   0x00000000000000ac      0x2cc ./Src/main.o
 .debug_frame   0x0000000000000378       0x2c /home/neelakanta/st/stm32cubeide_1.12.0_2/plugins/com.st.stm32cube.ide.mcu.externaltools.gnu-tools-for-stm32.10.3-2021.10.linux64_1.0.200.202301161003/tools/bin/../lib/gcc/arm-none-eabi/10.3.1/../../../../arm-none-eabi/lib/thumb/v7e-m/nofp/libc_nano.a(lib_a-init.o)
