12:50:17 **** Incremental Build of configuration Debug for project 009_Interrupt_Priority ****
make -j4 all 
arm-none-eabi-gcc "../Src/main.c" -mcpu=cortex-m4 -std=gnu11 -g3 -DDEBUG -DSTM32 -DSTM32F407G_DISC1 -DSTM32F4 -DSTM32F407VGTx -c -I../Inc -O0 -ffunction-sections -fdata-sections -Wall -fstack-usage -fcyclomatic-complexity -MMD -MP -MF"Src/main.d" -MT"Src/main.o" --specs=nano.specs -mfloat-abi=soft -mthumb -o "Src/main.o"
arm-none-eabi-gcc -o "009_Interrupt_Priority.elf" @"objects.list"   -mcpu=cortex-m4 -T"/home/neelakanta/STM32CubeIDE/F407_Workspace/009_Interrupt_Priority/STM32F407VGTX_FLASH.ld" --specs=nosys.specs -Wl,-Map="009_Interrupt_Priority.map" -Wl,--gc-sections -static --specs=nano.specs -mfloat-abi=soft -mthumb -Wl,--start-group -lc -lm -Wl,--end-group
Finished building target: 009_Interrupt_Priority.elf
 
arm-none-eabi-size   009_Interrupt_Priority.elf 
arm-none-eabi-objdump -h -S  009_Interrupt_Priority.elf  > "009_Interrupt_Priority.list"
   text	   data	    bss	    dec	    hex	filename
   5784	    108	   1588	   7480	   1d38	009_Interrupt_Priority.elf
Finished building: default.size.stdout
 
Finished building: 009_Interrupt_Priority.list
 

12:50:19 Build Finished. 0 errors, 0 warnings. (took 2s.57ms)

