23:05:26 **** Incremental Build of configuration Debug for project 012_SVC_Exception ****
make -j4 all 
arm-none-eabi-gcc "../Src/main.c" -mcpu=cortex-m4 -std=gnu11 -g3 -DDEBUG -DSTM32 -DSTM32F407G_DISC1 -DSTM32F4 -DSTM32F407VGTx -c -I../Inc -O0 -ffunction-sections -fdata-sections -Wall -fstack-usage -fcyclomatic-complexity -MMD -MP -MF"Src/main.d" -MT"Src/main.o" --specs=nano.specs -mfloat-abi=soft -mthumb -o "Src/main.o"
arm-none-eabi-gcc -o "012_SVC_Exception.elf" @"objects.list"   -mcpu=cortex-m4 -T"/home/neelakanta/STM32CubeIDE/F407_Workspace/012_SVC_Exception/STM32F407VGTX_FLASH.ld" --specs=nosys.specs -Wl,-Map="012_SVC_Exception.map" -Wl,--gc-sections -static --specs=nano.specs -mfloat-abi=soft -mthumb -Wl,--start-group -lc -lm -Wl,--end-group
Finished building target: 012_SVC_Exception.elf
 
arm-none-eabi-size   012_SVC_Exception.elf 
arm-none-eabi-objdump -h -S  012_SVC_Exception.elf  > "012_SVC_Exception.list"
   text	   data	    bss	    dec	    hex	filename
   5720	    108	   1588	   7416	   1cf8	012_SVC_Exception.elf
Finished building: default.size.stdout
 
Finished building: 012_SVC_Exception.list
 

23:05:28 Build Finished. 0 errors, 0 warnings. (took 1s.495ms)

