22:48:57 **** Incremental Build of configuration Debug for project 013_SVC_Exception_calculator ****
make -j4 all 
arm-none-eabi-gcc "../Src/temp.c" -mcpu=cortex-m4 -std=gnu11 -g3 -DDEBUG -DSTM32 -DSTM32F407G_DISC1 -DSTM32F4 -DSTM32F407VGTx -c -I../Inc -O0 -ffunction-sections -fdata-sections -Wall -fstack-usage -fcyclomatic-complexity -MMD -MP -MF"Src/temp.d" -MT"Src/temp.o" --specs=nano.specs -mfloat-abi=soft -mthumb -o "Src/temp.o"
arm-none-eabi-gcc -o "013_SVC_Exception_calculator.elf" @"objects.list"   -mcpu=cortex-m4 -T"/home/neelakanta/STM32CubeIDE/F407_Workspace/013_SVC_Exception_calculator/STM32F407VGTX_FLASH.ld" --specs=nosys.specs -Wl,-Map="013_SVC_Exception_calculator.map" -Wl,--gc-sections -static --specs=nano.specs -mfloat-abi=soft -mthumb -Wl,--start-group -lc -lm -Wl,--end-group
Finished building target: 013_SVC_Exception_calculator.elf
 
arm-none-eabi-size   013_SVC_Exception_calculator.elf 
arm-none-eabi-objdump -h -S  013_SVC_Exception_calculator.elf  > "013_SVC_Exception_calculator.list"
   text	   data	    bss	    dec	    hex	filename
   6020	    108	   1588	   7716	   1e24	013_SVC_Exception_calculator.elf
Finished building: default.size.stdout
 
Finished building: 013_SVC_Exception_calculator.list
 

22:48:59 Build Finished. 0 errors, 0 warnings. (took 1s.362ms)

